Archive member included to satisfy reference by file (symbol)

C:/ST/STM32CubeIDE_1.16.0/STM32CubeIDE/plugins/com.st.stm32cube.ide.mcu.externaltools.gnu-tools-for-stm32.12.3.rel1.win32_1.0.200.202406191623/tools/bin/../lib/gcc/arm-none-eabi/12.3.1/../../../../arm-none-eabi/lib/thumb/v7e-m+fp/hard\libc_nano.a(libc_a-exit.o)
                              C:/ST/STM32CubeIDE_1.16.0/STM32CubeIDE/plugins/com.st.stm32cube.ide.mcu.externaltools.gnu-tools-for-stm32.12.3.rel1.win32_1.0.200.202406191623/tools/bin/../lib/gcc/arm-none-eabi/12.3.1/../../../../arm-none-eabi/lib/thumb/v7e-m+fp/hard/crt0.o (exit)
C:/ST/STM32CubeIDE_1.16.0/STM32CubeIDE/plugins/com.st.stm32cube.ide.mcu.externaltools.gnu-tools-for-stm32.12.3.rel1.win32_1.0.200.202406191623/tools/bin/../lib/gcc/arm-none-eabi/12.3.1/../../../../arm-none-eabi/lib/thumb/v7e-m+fp/hard\libc_nano.a(libc_a-findfp.o)
                              C:/ST/STM32CubeIDE_1.16.0/STM32CubeIDE/plugins/com.st.stm32cube.ide.mcu.externaltools.gnu-tools-for-stm32.12.3.rel1.win32_1.0.200.202406191623/tools/bin/../lib/gcc/arm-none-eabi/12.3.1/../../../../arm-none-eabi/lib/thumb/v7e-m+fp/hard\libc_nano.a(libc_a-exit.o) (__stdio_exit_handler)
C:/ST/STM32CubeIDE_1.16.0/STM32CubeIDE/plugins/com.st.stm32cube.ide.mcu.externaltools.gnu-tools-for-stm32.12.3.rel1.win32_1.0.200.202406191623/tools/bin/../lib/gcc/arm-none-eabi/12.3.1/../../../../arm-none-eabi/lib/thumb/v7e-m+fp/hard\libc_nano.a(libc_a-fwalk.o)
                              C:/ST/STM32CubeIDE_1.16.0/STM32CubeIDE/plugins/com.st.stm32cube.ide.mcu.externaltools.gnu-tools-for-stm32.12.3.rel1.win32_1.0.200.202406191623/tools/bin/../lib/gcc/arm-none-eabi/12.3.1/../../../../arm-none-eabi/lib/thumb/v7e-m+fp/hard\libc_nano.a(libc_a-findfp.o) (_fwalk_sglue)
C:/ST/STM32CubeIDE_1.16.0/STM32CubeIDE/plugins/com.st.stm32cube.ide.mcu.externaltools.gnu-tools-for-stm32.12.3.rel1.win32_1.0.200.202406191623/tools/bin/../lib/gcc/arm-none-eabi/12.3.1/../../../../arm-none-eabi/lib/thumb/v7e-m+fp/hard\libc_nano.a(libc_a-stdio.o)
                              C:/ST/STM32CubeIDE_1.16.0/STM32CubeIDE/plugins/com.st.stm32cube.ide.mcu.externaltools.gnu-tools-for-stm32.12.3.rel1.win32_1.0.200.202406191623/tools/bin/../lib/gcc/arm-none-eabi/12.3.1/../../../../arm-none-eabi/lib/thumb/v7e-m+fp/hard\libc_nano.a(libc_a-findfp.o) (__sread)
C:/ST/STM32CubeIDE_1.16.0/STM32CubeIDE/plugins/com.st.stm32cube.ide.mcu.externaltools.gnu-tools-for-stm32.12.3.rel1.win32_1.0.200.202406191623/tools/bin/../lib/gcc/arm-none-eabi/12.3.1/../../../../arm-none-eabi/lib/thumb/v7e-m+fp/hard\libc_nano.a(libc_a-memcmp.o)
                              ./common/ThirdParty/SEGGER/OS/SEGGER_SYSVIEW_FreeRTOS.o (memcmp)
C:/ST/STM32CubeIDE_1.16.0/STM32CubeIDE/plugins/com.st.stm32cube.ide.mcu.externaltools.gnu-tools-for-stm32.12.3.rel1.win32_1.0.200.202406191623/tools/bin/../lib/gcc/arm-none-eabi/12.3.1/../../../../arm-none-eabi/lib/thumb/v7e-m+fp/hard\libc_nano.a(libc_a-memset.o)
                              C:/ST/STM32CubeIDE_1.16.0/STM32CubeIDE/plugins/com.st.stm32cube.ide.mcu.externaltools.gnu-tools-for-stm32.12.3.rel1.win32_1.0.200.202406191623/tools/bin/../lib/gcc/arm-none-eabi/12.3.1/../../../../arm-none-eabi/lib/thumb/v7e-m+fp/hard/crt0.o (memset)
C:/ST/STM32CubeIDE_1.16.0/STM32CubeIDE/plugins/com.st.stm32cube.ide.mcu.externaltools.gnu-tools-for-stm32.12.3.rel1.win32_1.0.200.202406191623/tools/bin/../lib/gcc/arm-none-eabi/12.3.1/../../../../arm-none-eabi/lib/thumb/v7e-m+fp/hard\libc_nano.a(libc_a-closer.o)
                              C:/ST/STM32CubeIDE_1.16.0/STM32CubeIDE/plugins/com.st.stm32cube.ide.mcu.externaltools.gnu-tools-for-stm32.12.3.rel1.win32_1.0.200.202406191623/tools/bin/../lib/gcc/arm-none-eabi/12.3.1/../../../../arm-none-eabi/lib/thumb/v7e-m+fp/hard\libc_nano.a(libc_a-stdio.o) (_close_r)
C:/ST/STM32CubeIDE_1.16.0/STM32CubeIDE/plugins/com.st.stm32cube.ide.mcu.externaltools.gnu-tools-for-stm32.12.3.rel1.win32_1.0.200.202406191623/tools/bin/../lib/gcc/arm-none-eabi/12.3.1/../../../../arm-none-eabi/lib/thumb/v7e-m+fp/hard\libc_nano.a(libc_a-reent.o)
                              C:/ST/STM32CubeIDE_1.16.0/STM32CubeIDE/plugins/com.st.stm32cube.ide.mcu.externaltools.gnu-tools-for-stm32.12.3.rel1.win32_1.0.200.202406191623/tools/bin/../lib/gcc/arm-none-eabi/12.3.1/../../../../arm-none-eabi/lib/thumb/v7e-m+fp/hard\libc_nano.a(libc_a-closer.o) (errno)
C:/ST/STM32CubeIDE_1.16.0/STM32CubeIDE/plugins/com.st.stm32cube.ide.mcu.externaltools.gnu-tools-for-stm32.12.3.rel1.win32_1.0.200.202406191623/tools/bin/../lib/gcc/arm-none-eabi/12.3.1/../../../../arm-none-eabi/lib/thumb/v7e-m+fp/hard\libc_nano.a(libc_a-impure.o)
                              C:/ST/STM32CubeIDE_1.16.0/STM32CubeIDE/plugins/com.st.stm32cube.ide.mcu.externaltools.gnu-tools-for-stm32.12.3.rel1.win32_1.0.200.202406191623/tools/bin/../lib/gcc/arm-none-eabi/12.3.1/../../../../arm-none-eabi/lib/thumb/v7e-m+fp/hard\libc_nano.a(libc_a-reent.o) (_impure_ptr)
[...]
Memory Configuration

Name             Origin             Length             Attributes
RAM              0x20000000         0x00050000         xrw
FLASH            0x08000000         0x00180000         xr
*default*        0x00000000         0xffffffff

Linker script and memory map

LOAD C:/ST/STM32CubeIDE_1.16.0/STM32CubeIDE/plugins/com.st.stm32cube.ide.mcu.externaltools.gnu-tools-for-stm32.12.3.rel1.win32_1.0.200.202406191623/tools/bin/../lib/gcc/arm-none-eabi/12.3.1/thumb/v7e-m+fp/hard/crti.o
LOAD C:/ST/STM32CubeIDE_1.16.0/STM32CubeIDE/plugins/com.st.stm32cube.ide.mcu.externaltools.gnu-tools-for-stm32.12.3.rel1.win32_1.0.200.202406191623/tools/bin/../lib/gcc/arm-none-eabi/12.3.1/thumb/v7e-m+fp/hard/crtbegin.o
LOAD C:/ST/STM32CubeIDE_1.16.0/STM32CubeIDE/plugins/com.st.stm32cube.ide.mcu.externaltools.gnu-tools-for-stm32.12.3.rel1.win32_1.0.200.202406191623/tools/bin/../lib/gcc/arm-none-eabi/12.3.1/../../../../arm-none-eabi/lib/thumb/v7e-m+fp/hard/crt0.o
LOAD ./Core/Src/main.o
LOAD ./Core/Src/stm32f4xx_hal_msp.o
LOAD ./Core/Src/stm32f4xx_hal_timebase_tim.o
LOAD ./Core/Src/stm32f4xx_it.o
LOAD ./Core/Src/syscalls.o
LOAD ./Core/Src/sysmem.o
LOAD ./Core/Src/system_stm32f4xx.o
LOAD ./Core/Startup/startup_stm32f413zhtx.o
LOAD ./Drivers/STM32F4xx_HAL_Driver/Src/stm32f4xx_hal.o
LOAD ./Drivers/STM32F4xx_HAL_Driver/Src/stm32f4xx_hal_cortex.o
LOAD ./Drivers/STM32F4xx_HAL_Driver/Src/stm32f4xx_hal_dma.o
LOAD ./Drivers/STM32F4xx_HAL_Driver/Src/stm32f4xx_hal_dma_ex.o
LOAD ./Drivers/STM32F4xx_HAL_Driver/Src/stm32f4xx_hal_exti.o
LOAD ./Drivers/STM32F4xx_HAL_Driver/Src/stm32f4xx_hal_flash.o
LOAD ./Drivers/STM32F4xx_HAL_Driver/Src/stm32f4xx_hal_flash_ex.o
LOAD ./Drivers/STM32F4xx_HAL_Driver/Src/stm32f4xx_hal_flash_ramfunc.o
LOAD ./Drivers/STM32F4xx_HAL_Driver/Src/stm32f4xx_hal_gpio.o
LOAD ./Drivers/STM32F4xx_HAL_Driver/Src/stm32f4xx_hal_pwr.o
LOAD ./Drivers/STM32F4xx_HAL_Driver/Src/stm32f4xx_hal_pwr_ex.o
LOAD ./Drivers/STM32F4xx_HAL_Driver/Src/stm32f4xx_hal_rcc.o
LOAD ./Drivers/STM32F4xx_HAL_Driver/Src/stm32f4xx_hal_rcc_ex.o
LOAD ./Drivers/STM32F4xx_HAL_Driver/Src/stm32f4xx_hal_tim.o
LOAD ./Drivers/STM32F4xx_HAL_Driver/Src/stm32f4xx_hal_tim_ex.o
LOAD ./common/ThirdParty/FreeRTOS/croutine.o
LOAD ./common/ThirdParty/FreeRTOS/event_groups.o
LOAD ./common/ThirdParty/FreeRTOS/list.o
LOAD ./common/ThirdParty/FreeRTOS/queue.o
LOAD ./common/ThirdParty/FreeRTOS/stream_buffer.o
LOAD ./common/ThirdParty/FreeRTOS/tasks.o
LOAD ./common/ThirdParty/FreeRTOS/timers.o
LOAD ./common/ThirdParty/FreeRTOS/portable/GCC/ARM_CM4F/port.o
LOAD ./common/ThirdParty/FreeRTOS/portable/MemMang/heap_4.o
LOAD ./common/ThirdParty/SEGGER/Config/SEGGER_SYSVIEW_Config_FreeRTOS.o
LOAD ./common/ThirdParty/SEGGER/OS/SEGGER_SYSVIEW_FreeRTOS.o
LOAD ./common/ThirdParty/SEGGER/SEGGER/SEGGER_RTT.o
LOAD ./common/ThirdParty/SEGGER/SEGGER/SEGGER_RTT_ASM_ARMv7M.o
LOAD ./common/ThirdParty/SEGGER/SEGGER/SEGGER_RTT_printf.o
LOAD ./common/ThirdParty/SEGGER/SEGGER/SEGGER_SYSVIEW.o
LOAD ./common/ThirdParty/SEGGER/SEGGER/Syscalls/SEGGER_RTT_Syscalls_GCC.o
START GROUP
LOAD C:/ST/STM32CubeIDE_1.16.0/STM32CubeIDE/plugins/com.st.stm32cube.ide.mcu.externaltools.gnu-tools-for-stm32.12.3.rel1.win32_1.0.200.202406191623/tools/bin/../lib/gcc/arm-none-eabi/12.3.1/../../../../arm-none-eabi/lib/thumb/v7e-m+fp/hard\libc_nano.a
LOAD C:/ST/STM32CubeIDE_1.16.0/STM32CubeIDE/plugins/com.st.stm32cube.ide.mcu.externaltools.gnu-tools-for-stm32.12.3.rel1.win32_1.0.200.202406191623/tools/bin/../lib/gcc/arm-none-eabi/12.3.1/../../../../arm-none-eabi/lib/thumb/v7e-m+fp/hard\libm.a
END GROUP
START GROUP
LOAD C:/ST/STM32CubeIDE_1.16.0/STM32CubeIDE/plugins/com.st.stm32cube.ide.mcu.externaltools.gnu-tools-for-stm32.12.3.rel1.win32_1.0.200.202406191623/tools/bin/../lib/gcc/arm-none-eabi/12.3.1/thumb/v7e-m+fp/hard\libgcc.a
LOAD C:/ST/STM32CubeIDE_1.16.0/STM32CubeIDE/plugins/com.st.stm32cube.ide.mcu.externaltools.gnu-tools-for-stm32.12.3.rel1.win32_1.0.200.202406191623/tools/bin/../lib/gcc/arm-none-eabi/12.3.1/../../../../arm-none-eabi/lib/thumb/v7e-m+fp/hard\libc_nano.a
END GROUP
START GROUP
LOAD C:/ST/STM32CubeIDE_1.16.0/STM32CubeIDE/plugins/com.st.stm32cube.ide.mcu.externaltools.gnu-tools-for-stm32.12.3.rel1.win32_1.0.200.202406191623/tools/bin/../lib/gcc/arm-none-eabi/12.3.1/thumb/v7e-m+fp/hard\libgcc.a
LOAD C:/ST/STM32CubeIDE_1.16.0/STM32CubeIDE/plugins/com.st.stm32cube.ide.mcu.externaltools.gnu-tools-for-stm32.12.3.rel1.win32_1.0.200.202406191623/tools/bin/../lib/gcc/arm-none-eabi/12.3.1/../../../../arm-none-eabi/lib/thumb/v7e-m+fp/hard\libc_nano.a
LOAD C:/ST/STM32CubeIDE_1.16.0/STM32CubeIDE/plugins/com.st.stm32cube.ide.mcu.externaltools.gnu-tools-for-stm32.12.3.rel1.win32_1.0.200.202406191623/tools/bin/../lib/gcc/arm-none-eabi/12.3.1/../../../../arm-none-eabi/lib/thumb/v7e-m+fp/hard\libnosys.a
END GROUP
START GROUP
LOAD C:/ST/STM32CubeIDE_1.16.0/STM32CubeIDE/plugins/com.st.stm32cube.ide.mcu.externaltools.gnu-tools-for-stm32.12.3.rel1.win32_1.0.200.202406191623/tools/bin/../lib/gcc/arm-none-eabi/12.3.1/thumb/v7e-m+fp/hard\libgcc.a
LOAD C:/ST/STM32CubeIDE_1.16.0/STM32CubeIDE/plugins/com.st.stm32cube.ide.mcu.externaltools.gnu-tools-for-stm32.12.3.rel1.win32_1.0.200.202406191623/tools/bin/../lib/gcc/arm-none-eabi/12.3.1/../../../../arm-none-eabi/lib/thumb/v7e-m+fp/hard\libc_nano.a
LOAD C:/ST/STM32CubeIDE_1.16.0/STM32CubeIDE/plugins/com.st.stm32cube.ide.mcu.externaltools.gnu-tools-for-stm32.12.3.rel1.win32_1.0.200.202406191623/tools/bin/../lib/gcc/arm-none-eabi/12.3.1/../../../../arm-none-eabi/lib/thumb/v7e-m+fp/hard\libnosys.a
END GROUP
LOAD C:/ST/STM32CubeIDE_1.16.0/STM32CubeIDE/plugins/com.st.stm32cube.ide.mcu.externaltools.gnu-tools-for-stm32.12.3.rel1.win32_1.0.200.202406191623/tools/bin/../lib/gcc/arm-none-eabi/12.3.1/thumb/v7e-m+fp/hard/crtend.o
LOAD C:/ST/STM32CubeIDE_1.16.0/STM32CubeIDE/plugins/com.st.stm32cube.ide.mcu.externaltools.gnu-tools-for-stm32.12.3.rel1.win32_1.0.200.202406191623/tools/bin/../lib/gcc/arm-none-eabi/12.3.1/thumb/v7e-m+fp/hard/crtn.o
                0x20050000                        _estack = (ORIGIN (RAM) + LENGTH (RAM))
                0x00000200                        _Min_Heap_Size = 0x200
                0x00000400                        _Min_Stack_Size = 0x400

.isr_vector     0x08000000      0x1d8
                0x08000000                        . = ALIGN (0x4)
 *(.isr_vector)
 .isr_vector    0x08000000      0x1d8 ./Core/Startup/startup_stm32f413zhtx.o
                0x08000000                g_pfnVectors
                0x080001d8                        . = ALIGN (0x4)

.text           0x080001e0     0x6eac
                0x080001e0                        . = ALIGN (0x4)
 *(.text)
 .text          0x080001e0       0x40 C:/ST/STM32CubeIDE_1.16.0/STM32CubeIDE/plugins/com.st.stm32cube.ide.mcu.externaltools.gnu-tools-for-stm32.12.3.rel1.win32_1.0.200.202406191623/tools/bin/../lib/gcc/arm-none-eabi/12.3.1/thumb/v7e-m+fp/hard/crtbegin.o
 .text          0x08000220       0x94 ./common/ThirdParty/SEGGER/SEGGER/SEGGER_RTT_ASM_ARMv7M.o
                0x08000220                SEGGER_RTT_ASM_WriteSkipNoLock
 .text          0x080002b4       0x30 C:/ST/STM32CubeIDE_1.16.0/STM32CubeIDE/plugins/com.st.stm32cube.ide.mcu.externaltools.gnu-tools-for-stm32.12.3.rel1.win32_1.0.200.202406191623/tools/bin/../lib/gcc/arm-none-eabi/12.3.1/thumb/v7e-m+fp/hard\libgcc.a(_aeabi_uldivmod.o)
                0x080002b4                __aeabi_uldivmod
 .text          0x080002e4      0x2bc C:/ST/STM32CubeIDE_1.16.0/STM32CubeIDE/plugins/com.st.stm32cube.ide.mcu.externaltools.gnu-tools-for-stm32.12.3.rel1.win32_1.0.200.202406191623/tools/bin/../lib/gcc/arm-none-eabi/12.3.1/thumb/v7e-m+fp/hard\libgcc.a(_udivmoddi4.o)
                0x080002e4                __udivmoddi4
 .text          0x080005a0        0x4 C:/ST/STM32CubeIDE_1.16.0/STM32CubeIDE/plugins/com.st.stm32cube.ide.mcu.externaltools.gnu-tools-for-stm32.12.3.rel1.win32_1.0.200.202406191623/tools/bin/../lib/gcc/arm-none-eabi/12.3.1/thumb/v7e-m+fp/hard\libgcc.a(_dvmd_tls.o)
                0x080005a0                __aeabi_idiv0
                0x080005a0                __aeabi_ldiv0
 *(.text*)
 .text.main     0x080005a4      0x15c ./Core/Src/main.o
                0x080005a4                main
 .text.SystemClock_Config
                0x08000700       0xbc ./Core/Src/main.o
                0x08000700                SystemClock_Config
 .text.MX_GPIO_Init
                0x080007bc      0x1a8 ./Core/Src/main.o
 .text.led_green_handler
                0x08000964       0x7c ./Core/Src/main.o
 .text.led_blue_handler
                0x080009e0       0x7c ./Core/Src/main.o
 .text.led_red_handler
                0x08000a5c       0x88 ./Core/Src/main.o
 .text.btn_handler
                0x08000ae4       0x50 ./Core/Src/main.o
 .text.HAL_TIM_PeriodElapsedCallback
                0x08000b34       0x24 ./Core/Src/main.o
                0x08000b34                HAL_TIM_PeriodElapsedCallback
 .text.Error_Handler
                0x08000b58        0xc ./Core/Src/main.o
                0x08000b58                Error_Handler
 .text.HAL_MspInit
                0x08000b64       0x50 ./Core/Src/stm32f4xx_hal_msp.o
                0x08000b64                HAL_MspInit
 .text.HAL_InitTick
                0x08000bb4       0xf8 ./Core/Src/stm32f4xx_hal_timebase_tim.o
                0x08000bb4                HAL_InitTick
 .text.NMI_Handler
                0x08000cac        0x8 ./Core/Src/stm32f4xx_it.o
                0x08000cac                NMI_Handler
 .text.HardFault_Handler
                0x08000cb4        0x8 ./Core/Src/stm32f4xx_it.o
                0x08000cb4                HardFault_Handler
 .text.MemManage_Handler
                0x08000cbc        0x8 ./Core/Src/stm32f4xx_it.o
                0x08000cbc                MemManage_Handler
 .text.BusFault_Handler
                0x08000cc4        0x8 ./Core/Src/stm32f4xx_it.o
                0x08000cc4                BusFault_Handler
 .text.UsageFault_Handler
                0x08000ccc        0x8 ./Core/Src/stm32f4xx_it.o
                0x08000ccc                UsageFault_Handler
 .text.DebugMon_Handler
                0x08000cd4        0xe ./Core/Src/stm32f4xx_it.o
                0x08000cd4                DebugMon_Handler
 *fill*         0x08000ce2        0x2 
 .text.TIM6_DAC_IRQHandler
                0x08000ce4       0x14 ./Core/Src/stm32f4xx_it.o
                0x08000ce4                TIM6_DAC_IRQHandler
 .text.SystemInit
                0x08000cf8       0x24 ./Core/Src/system_stm32f4xx.o
                0x08000cf8                SystemInit
 .text.Reset_Handler
                0x08000d1c       0x50 ./Core/Startup/startup_stm32f413zhtx.o
                0x08000d1c                Reset_Handler
 .text.Default_Handler
                0x08000d6c        0x2 ./Core/Startup/startup_stm32f413zhtx.o
                0x08000d6c                RTC_Alarm_IRQHandler
                0x08000d6c                EXTI2_IRQHandler
                0x08000d6c                TIM8_CC_IRQHandler
                0x08000d6c                UART8_IRQHandler
                0x08000d6c                FMPI2C1_EV_IRQHandler
                0x08000d6c                SPI4_IRQHandler
                0x08000d6c                TIM1_CC_IRQHandler
                0x08000d6c                DMA2_Stream5_IRQHandler
                0x08000d6c                DMA1_Stream5_IRQHandler
                0x08000d6c                CAN3_RX1_IRQHandler
                0x08000d6c                PVD_IRQHandler
                0x08000d6c                SDIO_IRQHandler
                0x08000d6c                TAMP_STAMP_IRQHandler
                0x08000d6c                CAN2_RX1_IRQHandler
                0x08000d6c                EXTI3_IRQHandler
                0x08000d6c                TIM8_TRG_COM_TIM14_IRQHandler
                0x08000d6c                DFSDM1_FLT1_IRQHandler
                0x08000d6c                TIM1_UP_TIM10_IRQHandler
                0x08000d6c                TIM8_UP_TIM13_IRQHandler
                0x08000d6c                I2C3_ER_IRQHandler
                0x08000d6c                EXTI0_IRQHandler
                0x08000d6c                I2C2_EV_IRQHandler
                0x08000d6c                DMA1_Stream2_IRQHandler
                0x08000d6c                CAN1_RX0_IRQHandler
                0x08000d6c                FPU_IRQHandler
                0x08000d6c                CAN3_SCE_IRQHandler
                0x08000d6c                CAN2_SCE_IRQHandler
                0x08000d6c                DMA2_Stream2_IRQHandler
                0x08000d6c                SPI1_IRQHandler
                0x08000d6c                TIM1_BRK_TIM9_IRQHandler
                0x08000d6c                CAN2_RX0_IRQHandler
                0x08000d6c                DMA2_Stream3_IRQHandler
                0x08000d6c                USART6_IRQHandler
                0x08000d6c                CAN3_RX0_IRQHandler
                0x08000d6c                USART3_IRQHandler
                0x08000d6c                DFSDM2_FLT3_IRQHandler
                0x08000d6c                CAN1_RX1_IRQHandler
                0x08000d6c                UART5_IRQHandler
                0x08000d6c                DMA2_Stream0_IRQHandler
                0x08000d6c                TIM4_IRQHandler
                0x08000d6c                QUADSPI_IRQHandler
                0x08000d6c                I2C1_EV_IRQHandler
                0x08000d6c                DMA1_Stream6_IRQHandler
                0x08000d6c                DMA1_Stream1_IRQHandler
                0x08000d6c                UART4_IRQHandler
                0x08000d6c                TIM3_IRQHandler
                0x08000d6c                RCC_IRQHandler
                0x08000d6c                UART9_IRQHandler
                0x08000d6c                TIM8_BRK_TIM12_IRQHandler
                0x08000d6c                Default_Handler
                0x08000d6c                EXTI15_10_IRQHandler
                0x08000d6c                ADC_IRQHandler
                0x08000d6c                DMA1_Stream7_IRQHandler
                0x08000d6c                DFSDM2_FLT0_IRQHandler
                0x08000d6c                SPI5_IRQHandler
                0x08000d6c                TIM7_IRQHandler
                0x08000d6c                CAN2_TX_IRQHandler
                0x08000d6c                TIM5_IRQHandler
                0x08000d6c                DMA2_Stream7_IRQHandler
                0x08000d6c                I2C3_EV_IRQHandler
                0x08000d6c                DFSDM2_FLT2_IRQHandler
                0x08000d6c                EXTI9_5_IRQHandler
                0x08000d6c                RTC_WKUP_IRQHandler
                0x08000d6c                SPI2_IRQHandler
                0x08000d6c                DMA1_Stream0_IRQHandler
                0x08000d6c                CAN1_TX_IRQHandler
                0x08000d6c                FMPI2C1_ER_IRQHandler
                0x08000d6c                EXTI4_IRQHandler
                0x08000d6c                DFSDM2_FLT1_IRQHandler
                0x08000d6c                RNG_IRQHandler
                0x08000d6c                FSMC_IRQHandler
                0x08000d6c                WWDG_IRQHandler
                0x08000d6c                CAN3_TX_IRQHandler
                0x08000d6c                TIM2_IRQHandler
                0x08000d6c                OTG_FS_WKUP_IRQHandler
                0x08000d6c                TIM1_TRG_COM_TIM11_IRQHandler
                0x08000d6c                EXTI1_IRQHandler
                0x08000d6c                UART7_IRQHandler
                0x08000d6c                USART2_IRQHandler
                0x08000d6c                DFSDM1_FLT0_IRQHandler
                0x08000d6c                I2C2_ER_IRQHandler
                0x08000d6c                DMA2_Stream1_IRQHandler
                0x08000d6c                CAN1_SCE_IRQHandler
                0x08000d6c                FLASH_IRQHandler
                0x08000d6c                DMA2_Stream4_IRQHandler
                0x08000d6c                USART1_IRQHandler
                0x08000d6c                OTG_FS_IRQHandler
                0x08000d6c                SPI3_IRQHandler
                0x08000d6c                DMA1_Stream4_IRQHandler
                0x08000d6c                I2C1_ER_IRQHandler
                0x08000d6c                LPTIM1_IRQHandler
                0x08000d6c                DMA2_Stream6_IRQHandler
                0x08000d6c                UART10_IRQHandler
                0x08000d6c                SAI1_IRQHandler
                0x08000d6c                DMA1_Stream3_IRQHandler
 *fill*         0x08000d6e        0x2 
 .text.HAL_Init
                0x08000d70       0x44 ./Drivers/STM32F4xx_HAL_Driver/Src/stm32f4xx_hal.o
                0x08000d70                HAL_Init
 .text.HAL_IncTick
                0x08000db4       0x28 ./Drivers/STM32F4xx_HAL_Driver/Src/stm32f4xx_hal.o
                0x08000db4                HAL_IncTick
 .text.HAL_GetTick
                0x08000ddc       0x18 ./Drivers/STM32F4xx_HAL_Driver/Src/stm32f4xx_hal.o
                0x08000ddc                HAL_GetTick
 .text.__NVIC_SetPriorityGrouping
                0x08000df4       0x48 ./Drivers/STM32F4xx_HAL_Driver/Src/stm32f4xx_hal_cortex.o
 .text.__NVIC_GetPriorityGrouping
                0x08000e3c       0x1c ./Drivers/STM32F4xx_HAL_Driver/Src/stm32f4xx_hal_cortex.o
 .text.__NVIC_EnableIRQ
                0x08000e58       0x3c ./Drivers/STM32F4xx_HAL_Driver/Src/stm32f4xx_hal_cortex.o
 .text.__NVIC_SetPriority
                0x08000e94       0x54 ./Drivers/STM32F4xx_HAL_Driver/Src/stm32f4xx_hal_cortex.o
 .text.NVIC_EncodePriority
                0x08000ee8       0x66 ./Drivers/STM32F4xx_HAL_Driver/Src/stm32f4xx_hal_cortex.o
 .text.HAL_NVIC_SetPriorityGrouping
                0x08000f4e       0x16 ./Drivers/STM32F4xx_HAL_Driver/Src/stm32f4xx_hal_cortex.o
                0x08000f4e                HAL_NVIC_SetPriorityGrouping
 .text.HAL_NVIC_SetPriority
                0x08000f64       0x38 ./Drivers/STM32F4xx_HAL_Driver/Src/stm32f4xx_hal_cortex.o
                0x08000f64                HAL_NVIC_SetPriority
 .text.HAL_NVIC_EnableIRQ
                0x08000f9c       0x1c ./Drivers/STM32F4xx_HAL_Driver/Src/stm32f4xx_hal_cortex.o
                0x08000f9c                HAL_NVIC_EnableIRQ
 .text.HAL_GPIO_Init
                0x08000fb8      0x328 ./Drivers/STM32F4xx_HAL_Driver/Src/stm32f4xx_hal_gpio.o
                0x08000fb8                HAL_GPIO_Init
 .text.HAL_GPIO_ReadPin
                0x080012e0       0x30 ./Drivers/STM32F4xx_HAL_Driver/Src/stm32f4xx_hal_gpio.o
                0x080012e0                HAL_GPIO_ReadPin
 .text.HAL_GPIO_WritePin
                0x08001310       0x32 ./Drivers/STM32F4xx_HAL_Driver/Src/stm32f4xx_hal_gpio.o
                0x08001310                HAL_GPIO_WritePin
 .text.HAL_GPIO_TogglePin
                0x08001342       0x34 ./Drivers/STM32F4xx_HAL_Driver/Src/stm32f4xx_hal_gpio.o
                0x08001342                HAL_GPIO_TogglePin
 *fill*         0x08001376        0x2 
 .text.HAL_RCC_ClockConfig
                0x08001378      0x1cc ./Drivers/STM32F4xx_HAL_Driver/Src/stm32f4xx_hal_rcc.o
                0x08001378                HAL_RCC_ClockConfig
 .text.HAL_RCC_GetSysClockFreq
                0x08001544      0x20c ./Drivers/STM32F4xx_HAL_Driver/Src/stm32f4xx_hal_rcc.o
                0x08001544                HAL_RCC_GetSysClockFreq
 .text.HAL_RCC_GetHCLKFreq
                0x08001750       0x18 ./Drivers/STM32F4xx_HAL_Driver/Src/stm32f4xx_hal_rcc.o
                0x08001750                HAL_RCC_GetHCLKFreq
 .text.HAL_RCC_GetPCLK1Freq
                0x08001768       0x28 ./Drivers/STM32F4xx_HAL_Driver/Src/stm32f4xx_hal_rcc.o
                0x08001768                HAL_RCC_GetPCLK1Freq
 .text.HAL_RCC_GetClockConfig
                0x08001790       0x64 ./Drivers/STM32F4xx_HAL_Driver/Src/stm32f4xx_hal_rcc.o
                0x08001790                HAL_RCC_GetClockConfig
 .text.HAL_RCC_OscConfig
                0x080017f4      0x508 ./Drivers/STM32F4xx_HAL_Driver/Src/stm32f4xx_hal_rcc_ex.o
                0x080017f4                HAL_RCC_OscConfig
 .text.HAL_TIM_Base_Init
                0x08001cfc       0x9e ./Drivers/STM32F4xx_HAL_Driver/Src/stm32f4xx_hal_tim.o
                0x08001cfc                HAL_TIM_Base_Init
 .text.HAL_TIM_Base_MspInit
                0x08001d9a       0x14 ./Drivers/STM32F4xx_HAL_Driver/Src/stm32f4xx_hal_tim.o
                0x08001d9a                HAL_TIM_Base_MspInit
 *fill*         0x08001dae        0x2 
 .text.HAL_TIM_Base_Start_IT
                0x08001db0       0xe0 ./Drivers/STM32F4xx_HAL_Driver/Src/stm32f4xx_hal_tim.o
                0x08001db0                HAL_TIM_Base_Start_IT
 .text.HAL_TIM_IRQHandler
                0x08001e90      0x1e0 ./Drivers/STM32F4xx_HAL_Driver/Src/stm32f4xx_hal_tim.o
                0x08001e90                HAL_TIM_IRQHandler
 .text.HAL_TIM_OC_DelayElapsedCallback
                0x08002070       0x14 ./Drivers/STM32F4xx_HAL_Driver/Src/stm32f4xx_hal_tim.o
                0x08002070                HAL_TIM_OC_DelayElapsedCallback
 .text.HAL_TIM_IC_CaptureCallback
                0x08002084       0x14 ./Drivers/STM32F4xx_HAL_Driver/Src/stm32f4xx_hal_tim.o
                0x08002084                HAL_TIM_IC_CaptureCallback
 .text.HAL_TIM_PWM_PulseFinishedCallback
                0x08002098       0x14 ./Drivers/STM32F4xx_HAL_Driver/Src/stm32f4xx_hal_tim.o
                0x08002098                HAL_TIM_PWM_PulseFinishedCallback
 .text.HAL_TIM_TriggerCallback
                0x080020ac       0x14 ./Drivers/STM32F4xx_HAL_Driver/Src/stm32f4xx_hal_tim.o
                0x080020ac                HAL_TIM_TriggerCallback
 .text.TIM_Base_SetConfig
                0x080020c0      0x158 ./Drivers/STM32F4xx_HAL_Driver/Src/stm32f4xx_hal_tim.o
                0x080020c0                TIM_Base_SetConfig
 .text.HAL_TIMEx_CommutCallback
                0x08002218       0x14 ./Drivers/STM32F4xx_HAL_Driver/Src/stm32f4xx_hal_tim_ex.o
                0x08002218                HAL_TIMEx_CommutCallback
 .text.HAL_TIMEx_BreakCallback
                0x0800222c       0x14 ./Drivers/STM32F4xx_HAL_Driver/Src/stm32f4xx_hal_tim_ex.o
                0x0800222c                HAL_TIMEx_BreakCallback
 .text.vListInitialise
                0x08002240       0x40 ./common/ThirdParty/FreeRTOS/list.o
                0x08002240                vListInitialise
 .text.vListInitialiseItem
                0x08002280       0x1a ./common/ThirdParty/FreeRTOS/list.o
                0x08002280                vListInitialiseItem
 .text.vListInsertEnd
                0x0800229a       0x48 ./common/ThirdParty/FreeRTOS/list.o
                0x0800229a                vListInsertEnd
 .text.vListInsert
                0x080022e2       0x72 ./common/ThirdParty/FreeRTOS/list.o
                0x080022e2                vListInsert
 .text.uxListRemove
                0x08002354       0x54 ./common/ThirdParty/FreeRTOS/list.o
                0x08002354                uxListRemove
 .text.xQueueGenericReset
                0x080023a8      0x124 ./common/ThirdParty/FreeRTOS/queue.o
                0x080023a8                xQueueGenericReset
 .text.xQueueGenericCreate
                0x080024cc       0x9e ./common/ThirdParty/FreeRTOS/queue.o
                0x080024cc                xQueueGenericCreate
 .text.prvInitialiseNewQueue
                0x0800256a       0x52 ./common/ThirdParty/FreeRTOS/queue.o
 .text.xQueueReceive
                0x080025bc      0x228 ./common/ThirdParty/FreeRTOS/queue.o
                0x080025bc                xQueueReceive
 .text.prvCopyDataFromQueue
                0x080027e4       0x4c ./common/ThirdParty/FreeRTOS/queue.o
 .text.prvUnlockQueue
                0x08002830       0xa4 ./common/ThirdParty/FreeRTOS/queue.o
 .text.prvIsQueueEmpty
                0x080028d4       0x2c ./common/ThirdParty/FreeRTOS/queue.o
 .text.vQueueAddToRegistry
                0x08002900       0xb0 ./common/ThirdParty/FreeRTOS/queue.o
                0x08002900                vQueueAddToRegistry
 .text.vQueueWaitForMessageRestricted
                0x080029b0       0x68 ./common/ThirdParty/FreeRTOS/queue.o
                0x080029b0                vQueueWaitForMessageRestricted
 .text.xTaskCreate
                0x08002a18       0x8c ./common/ThirdParty/FreeRTOS/tasks.o
                0x08002a18                xTaskCreate
 .text.prvInitialiseNewTask
                0x08002aa4      0x120 ./common/ThirdParty/FreeRTOS/tasks.o
 .text.prvAddNewTaskToReadyList
                0x08002bc4      0x168 ./common/ThirdParty/FreeRTOS/tasks.o
 .text.vTaskDelete
                0x08002d2c      0x160 ./common/ThirdParty/FreeRTOS/tasks.o
                0x08002d2c                vTaskDelete
 .text.vTaskDelay
                0x08002e8c       0x74 ./common/ThirdParty/FreeRTOS/tasks.o
                0x08002e8c                vTaskDelay
 .text.vTaskStartScheduler
                0x08002f00       0xc4 ./common/ThirdParty/FreeRTOS/tasks.o
                0x08002f00                vTaskStartScheduler
 .text.vTaskSuspendAll
                0x08002fc4       0x1c ./common/ThirdParty/FreeRTOS/tasks.o
                0x08002fc4                vTaskSuspendAll
 .text.xTaskResumeAll
                0x08002fe0      0x200 ./common/ThirdParty/FreeRTOS/tasks.o
                0x08002fe0                xTaskResumeAll
 .text.xTaskGetTickCount
                0x080031e0       0x20 ./common/ThirdParty/FreeRTOS/tasks.o
                0x080031e0                xTaskGetTickCount
 .text.xTaskGetTickCountFromISR
                0x08003200       0x24 ./common/ThirdParty/FreeRTOS/tasks.o
                0x08003200                xTaskGetTickCountFromISR
 .text.xTaskIncrementTick
                0x08003224      0x238 ./common/ThirdParty/FreeRTOS/tasks.o
                0x08003224                xTaskIncrementTick
 .text.vTaskSwitchContext
                0x0800345c       0xd4 ./common/ThirdParty/FreeRTOS/tasks.o
                0x0800345c                vTaskSwitchContext
 .text.vTaskPlaceOnEventList
                0x08003530       0x4c ./common/ThirdParty/FreeRTOS/tasks.o
                0x08003530                vTaskPlaceOnEventList
 .text.vTaskPlaceOnEventListRestricted
                0x0800357c       0x94 ./common/ThirdParty/FreeRTOS/tasks.o
                0x0800357c                vTaskPlaceOnEventListRestricted
 .text.xTaskRemoveFromEventList
                0x08003610      0x1b4 ./common/ThirdParty/FreeRTOS/tasks.o
                0x08003610                xTaskRemoveFromEventList
 .text.vTaskInternalSetTimeOutState
                0x080037c4       0x2c ./common/ThirdParty/FreeRTOS/tasks.o
                0x080037c4                vTaskInternalSetTimeOutState
 .text.xTaskCheckForTimeOut
                0x080037f0       0xd0 ./common/ThirdParty/FreeRTOS/tasks.o
                0x080037f0                xTaskCheckForTimeOut
 .text.vTaskMissedYield
                0x080038c0       0x18 ./common/ThirdParty/FreeRTOS/tasks.o
                0x080038c0                vTaskMissedYield
 .text.prvIdleTask
                0x080038d8       0x30 ./common/ThirdParty/FreeRTOS/tasks.o
 .text.prvInitialiseTaskLists
                0x08003908       0x80 ./common/ThirdParty/FreeRTOS/tasks.o
 .text.prvCheckTasksWaitingTermination
                0x08003988       0x5c ./common/ThirdParty/FreeRTOS/tasks.o
 .text.prvDeleteTCB
                0x080039e4       0x20 ./common/ThirdParty/FreeRTOS/tasks.o
 .text.prvResetNextTaskUnblockTime
                0x08003a04       0x38 ./common/ThirdParty/FreeRTOS/tasks.o
 .text.xTaskGetSchedulerState
                0x08003a3c       0x3c ./common/ThirdParty/FreeRTOS/tasks.o
                0x08003a3c                xTaskGetSchedulerState
 .text.xTaskGenericNotifyWait
                0x08003a78      0x114 ./common/ThirdParty/FreeRTOS/tasks.o
                0x08003a78                xTaskGenericNotifyWait
 .text.xTaskGenericNotify
                0x08003b8c      0x270 ./common/ThirdParty/FreeRTOS/tasks.o
                0x08003b8c                xTaskGenericNotify
 .text.prvAddCurrentTaskToDelayedList
                0x08003dfc      0x100 ./common/ThirdParty/FreeRTOS/tasks.o
 .text.xTimerCreateTimerTask
                0x08003efc       0x68 ./common/ThirdParty/FreeRTOS/timers.o
                0x08003efc                xTimerCreateTimerTask
 .text.prvReloadTimer
                0x08003f64       0x42 ./common/ThirdParty/FreeRTOS/timers.o
 *fill*         0x08003fa6        0x2 
 .text.prvProcessExpiredTimer
                0x08003fa8       0x60 ./common/ThirdParty/FreeRTOS/timers.o
 .text.prvTimerTask
                0x08004008       0x26 ./common/ThirdParty/FreeRTOS/timers.o
 *fill*         0x0800402e        0x2 
 .text.prvProcessTimerOrBlockTask
                0x08004030       0x9c ./common/ThirdParty/FreeRTOS/timers.o
 .text.prvGetNextExpireTime
                0x080040cc       0x48 ./common/ThirdParty/FreeRTOS/timers.o
 .text.prvSampleTimeNow
                0x08004114       0x40 ./common/ThirdParty/FreeRTOS/timers.o
 .text.prvInsertTimerInActiveList
                0x08004154       0x84 ./common/ThirdParty/FreeRTOS/timers.o
 .text.prvProcessReceivedCommands
                0x080041d8      0x184 ./common/ThirdParty/FreeRTOS/timers.o
 .text.prvSwitchTimerLists
                0x0800435c       0x4c ./common/ThirdParty/FreeRTOS/timers.o
 .text.prvCheckForValidListAndQueue
                0x080043a8       0x6c ./common/ThirdParty/FreeRTOS/timers.o
 .text.pxPortInitialiseStack
                0x08004414       0x68 ./common/ThirdParty/FreeRTOS/portable/GCC/ARM_CM4F/port.o
                0x08004414                pxPortInitialiseStack
 .text.prvTaskExitError
                0x0800447c       0x5c ./common/ThirdParty/FreeRTOS/portable/GCC/ARM_CM4F/port.o
 *fill*         0x080044d8        0x8 
 .text.SVC_Handler
                0x080044e0       0x28 ./common/ThirdParty/FreeRTOS/portable/GCC/ARM_CM4F/port.o
                0x080044e0                SVC_Handler
 .text.prvPortStartFirstTask
                0x08004508       0x2c ./common/ThirdParty/FreeRTOS/portable/GCC/ARM_CM4F/port.o
 .text.xPortStartScheduler
                0x08004534      0x148 ./common/ThirdParty/FreeRTOS/portable/GCC/ARM_CM4F/port.o
                0x08004534                xPortStartScheduler
 .text.vInitPrioGroupValue
                0x0800467c      0x100 ./common/ThirdParty/FreeRTOS/portable/GCC/ARM_CM4F/port.o
                0x0800467c                vInitPrioGroupValue
 .text.vPortEnterCritical
                0x0800477c       0x64 ./common/ThirdParty/FreeRTOS/portable/GCC/ARM_CM4F/port.o
                0x0800477c                vPortEnterCritical
 .text.vPortExitCritical
                0x080047e0       0x54 ./common/ThirdParty/FreeRTOS/portable/GCC/ARM_CM4F/port.o
                0x080047e0                vPortExitCritical
 *fill*         0x08004834        0xc 
 .text.PendSV_Handler
                0x08004840       0x68 ./common/ThirdParty/FreeRTOS/portable/GCC/ARM_CM4F/port.o
                0x08004840                PendSV_Handler
 .text.SysTick_Handler
                0x080048a8       0x54 ./common/ThirdParty/FreeRTOS/portable/GCC/ARM_CM4F/port.o
                0x080048a8                SysTick_Handler
 .text.vPortSetupTimerInterrupt
                0x080048fc       0x48 ./common/ThirdParty/FreeRTOS/portable/GCC/ARM_CM4F/port.o
                0x080048fc                vPortSetupTimerInterrupt
 .text.vPortEnableVFP
                0x08004944       0x18 ./common/ThirdParty/FreeRTOS/portable/GCC/ARM_CM4F/port.o
 .text.vPortValidateInterruptPriority
                0x0800495c       0x84 ./common/ThirdParty/FreeRTOS/portable/GCC/ARM_CM4F/port.o
                0x0800495c                vPortValidateInterruptPriority
 .text.pvPortMalloc
                0x080049e0      0x178 ./common/ThirdParty/FreeRTOS/portable/MemMang/heap_4.o
                0x080049e0                pvPortMalloc
 .text.vPortFree
                0x08004b58       0xbc ./common/ThirdParty/FreeRTOS/portable/MemMang/heap_4.o
                0x08004b58                vPortFree
 .text.prvHeapInit
                0x08004c14       0xb8 ./common/ThirdParty/FreeRTOS/portable/MemMang/heap_4.o
 .text.prvInsertBlockIntoFreeList
                0x08004ccc       0xb4 ./common/ThirdParty/FreeRTOS/portable/MemMang/heap_4.o
 .text._cbSendSystemDesc
                0x08004d80       0x1c ./common/ThirdParty/SEGGER/Config/SEGGER_SYSVIEW_Config_FreeRTOS.o
 .text.SEGGER_SYSVIEW_Conf
                0x08004d9c       0x2c ./common/ThirdParty/SEGGER/Config/SEGGER_SYSVIEW_Config_FreeRTOS.o
                0x08004d9c                SEGGER_SYSVIEW_Conf
 .text._cbSendTaskList
                0x08004dc8       0x90 ./common/ThirdParty/SEGGER/OS/SEGGER_SYSVIEW_FreeRTOS.o
 .text._cbGetTime
                0x08004e58       0x86 ./common/ThirdParty/SEGGER/OS/SEGGER_SYSVIEW_FreeRTOS.o
 *fill*         0x08004ede        0x2 
 .text.SYSVIEW_AddTask
                0x08004ee0       0xd0 ./common/ThirdParty/SEGGER/OS/SEGGER_SYSVIEW_FreeRTOS.o
                0x08004ee0                SYSVIEW_AddTask
 .text.SYSVIEW_DeleteTask
                0x08004fb0      0x178 ./common/ThirdParty/SEGGER/OS/SEGGER_SYSVIEW_FreeRTOS.o
                0x08004fb0                SYSVIEW_DeleteTask
 .text.SYSVIEW_SendTaskInfo
                0x08005128       0x42 ./common/ThirdParty/SEGGER/OS/SEGGER_SYSVIEW_FreeRTOS.o
                0x08005128                SYSVIEW_SendTaskInfo
 *fill*         0x0800516a        0x2 
 .text._DoInit  0x0800516c       0xb0 ./common/ThirdParty/SEGGER/SEGGER/SEGGER_RTT.o
 .text.SEGGER_RTT_ReadNoLock
                0x0800521c      0x10c ./common/ThirdParty/SEGGER/SEGGER/SEGGER_RTT.o
                0x0800521c                SEGGER_RTT_ReadNoLock
 .text.SEGGER_RTT_AllocUpBuffer
                0x08005328      0x108 ./common/ThirdParty/SEGGER/SEGGER/SEGGER_RTT.o
                0x08005328                SEGGER_RTT_AllocUpBuffer
 .text.SEGGER_RTT_ConfigDownBuffer
                0x08005430       0xe0 ./common/ThirdParty/SEGGER/SEGGER/SEGGER_RTT.o
                0x08005430                SEGGER_RTT_ConfigDownBuffer
 .text._EncodeStr
                0x08005510       0x9a ./common/ThirdParty/SEGGER/SEGGER/SEGGER_SYSVIEW.o
 .text._PreparePacket
                0x080055aa       0x18 ./common/ThirdParty/SEGGER/SEGGER/SEGGER_SYSVIEW.o
 *fill*         0x080055c2        0x2 
 .text._HandleIncomingPacket
                0x080055c4       0xe0 ./common/ThirdParty/SEGGER/SEGGER/SEGGER_SYSVIEW.o
 .text._TrySendOverflowPacket
                0x080056a4       0xe4 ./common/ThirdParty/SEGGER/SEGGER/SEGGER_SYSVIEW.o
 .text._SendPacket
                0x08005788      0x1cc ./common/ThirdParty/SEGGER/SEGGER/SEGGER_SYSVIEW.o
 .text._StoreChar
                0x08005954       0xf6 ./common/ThirdParty/SEGGER/SEGGER/SEGGER_SYSVIEW.o
 *fill*         0x08005a4a        0x2 
 .text._PrintUnsigned
                0x08005a4c      0x12c ./common/ThirdParty/SEGGER/SEGGER/SEGGER_SYSVIEW.o
 .text._PrintInt
                0x08005b78      0x11e ./common/ThirdParty/SEGGER/SEGGER/SEGGER_SYSVIEW.o
 *fill*         0x08005c96        0x2 
 .text._VPrintTarget
                0x08005c98      0x3f0 ./common/ThirdParty/SEGGER/SEGGER/SEGGER_SYSVIEW.o
 .text.SEGGER_SYSVIEW_Init
                0x08006088       0x88 ./common/ThirdParty/SEGGER/SEGGER/SEGGER_SYSVIEW.o
                0x08006088                SEGGER_SYSVIEW_Init
 .text.SEGGER_SYSVIEW_SetRAMBase
                0x08006110       0x20 ./common/ThirdParty/SEGGER/SEGGER/SEGGER_SYSVIEW.o
                0x08006110                SEGGER_SYSVIEW_SetRAMBase
 .text.SEGGER_SYSVIEW_RecordVoid
                0x08006130       0x3c ./common/ThirdParty/SEGGER/SEGGER/SEGGER_SYSVIEW.o
                0x08006130                SEGGER_SYSVIEW_RecordVoid
 .text.SEGGER_SYSVIEW_RecordU32
                0x0800616c       0x78 ./common/ThirdParty/SEGGER/SEGGER/SEGGER_SYSVIEW.o
                0x0800616c                SEGGER_SYSVIEW_RecordU32
 .text.SEGGER_SYSVIEW_RecordU32x2
                0x080061e4       0xb4 ./common/ThirdParty/SEGGER/SEGGER/SEGGER_SYSVIEW.o
                0x080061e4                SEGGER_SYSVIEW_RecordU32x2
 .text.SEGGER_SYSVIEW_RecordU32x3
                0x08006298       0xec ./common/ThirdParty/SEGGER/SEGGER/SEGGER_SYSVIEW.o
                0x08006298                SEGGER_SYSVIEW_RecordU32x3
 .text.SEGGER_SYSVIEW_RecordU32x4
                0x08006384      0x124 ./common/ThirdParty/SEGGER/SEGGER/SEGGER_SYSVIEW.o
                0x08006384                SEGGER_SYSVIEW_RecordU32x4
 .text.SEGGER_SYSVIEW_Start
                0x080064a8      0x174 ./common/ThirdParty/SEGGER/SEGGER/SEGGER_SYSVIEW.o
                0x080064a8                SEGGER_SYSVIEW_Start
 .text.SEGGER_SYSVIEW_Stop
                0x0800661c       0x4c ./common/ThirdParty/SEGGER/SEGGER/SEGGER_SYSVIEW.o
                0x0800661c                SEGGER_SYSVIEW_Stop
 .text.SEGGER_SYSVIEW_GetSysDesc
                0x08006668      0x134 ./common/ThirdParty/SEGGER/SEGGER/SEGGER_SYSVIEW.o
                0x08006668                SEGGER_SYSVIEW_GetSysDesc
 .text.SEGGER_SYSVIEW_SendTaskInfo
                0x0800679c      0x1c8 ./common/ThirdParty/SEGGER/SEGGER/SEGGER_SYSVIEW.o
                0x0800679c                SEGGER_SYSVIEW_SendTaskInfo
 .text.SEGGER_SYSVIEW_SendTaskList
                0x08006964       0x28 ./common/ThirdParty/SEGGER/SEGGER/SEGGER_SYSVIEW.o
                0x08006964                SEGGER_SYSVIEW_SendTaskList
 .text.SEGGER_SYSVIEW_SendSysDesc
                0x0800698c       0x48 ./common/ThirdParty/SEGGER/SEGGER/SEGGER_SYSVIEW.o
                0x0800698c                SEGGER_SYSVIEW_SendSysDesc
 .text.SEGGER_SYSVIEW_RecordSystime
                0x080069d4       0x64 ./common/ThirdParty/SEGGER/SEGGER/SEGGER_SYSVIEW.o
                0x080069d4                SEGGER_SYSVIEW_RecordSystime
 .text.SEGGER_SYSVIEW_RecordEnterISR
                0x08006a38       0x84 ./common/ThirdParty/SEGGER/SEGGER/SEGGER_SYSVIEW.o
                0x08006a38                SEGGER_SYSVIEW_RecordEnterISR
 .text.SEGGER_SYSVIEW_RecordExitISR
                0x08006abc       0x38 ./common/ThirdParty/SEGGER/SEGGER/SEGGER_SYSVIEW.o
                0x08006abc                SEGGER_SYSVIEW_RecordExitISR
 .text.SEGGER_SYSVIEW_RecordExitISRToScheduler
                0x08006af4       0x38 ./common/ThirdParty/SEGGER/SEGGER/SEGGER_SYSVIEW.o
                0x08006af4                SEGGER_SYSVIEW_RecordExitISRToScheduler
 .text.SEGGER_SYSVIEW_OnIdle
                0x08006b2c       0x38 ./common/ThirdParty/SEGGER/SEGGER/SEGGER_SYSVIEW.o
                0x08006b2c                SEGGER_SYSVIEW_OnIdle
 .text.SEGGER_SYSVIEW_OnTaskCreate
                0x08006b64       0x84 ./common/ThirdParty/SEGGER/SEGGER/SEGGER_SYSVIEW.o
                0x08006b64                SEGGER_SYSVIEW_OnTaskCreate
 .text.SEGGER_SYSVIEW_OnTaskStartExec
                0x08006be8       0x84 ./common/ThirdParty/SEGGER/SEGGER/SEGGER_SYSVIEW.o
                0x08006be8                SEGGER_SYSVIEW_OnTaskStartExec
 .text.SEGGER_SYSVIEW_OnTaskStopExec
                0x08006c6c       0x38 ./common/ThirdParty/SEGGER/SEGGER/SEGGER_SYSVIEW.o
                0x08006c6c                SEGGER_SYSVIEW_OnTaskStopExec
 .text.SEGGER_SYSVIEW_OnTaskStartReady
                0x08006ca4       0x84 ./common/ThirdParty/SEGGER/SEGGER/SEGGER_SYSVIEW.o
                0x08006ca4                SEGGER_SYSVIEW_OnTaskStartReady
 .text.SEGGER_SYSVIEW_ShrinkId
                0x08006d28       0x20 ./common/ThirdParty/SEGGER/SEGGER/SEGGER_SYSVIEW.o
                0x08006d28                SEGGER_SYSVIEW_ShrinkId
 .text.SEGGER_SYSVIEW_SendModule
                0x08006d48      0x100 ./common/ThirdParty/SEGGER/SEGGER/SEGGER_SYSVIEW.o
                0x08006d48                SEGGER_SYSVIEW_SendModule
 .text.SEGGER_SYSVIEW_SendModuleDescription
                0x08006e48       0x3c ./common/ThirdParty/SEGGER/SEGGER/SEGGER_SYSVIEW.o
                0x08006e48                SEGGER_SYSVIEW_SendModuleDescription
 .text.SEGGER_SYSVIEW_SendNumModules
                0x08006e84       0x7c ./common/ThirdParty/SEGGER/SEGGER/SEGGER_SYSVIEW.o
                0x08006e84                SEGGER_SYSVIEW_SendNumModules
 .text.SEGGER_SYSVIEW_PrintfTarget
                0x08006f00       0x28 ./common/ThirdParty/SEGGER/SEGGER/SEGGER_SYSVIEW.o
                0x08006f00                SEGGER_SYSVIEW_PrintfTarget
 .text.SEGGER_SYSVIEW_Warn
                0x08006f28       0xb8 ./common/ThirdParty/SEGGER/SEGGER/SEGGER_SYSVIEW.o
                0x08006f28                SEGGER_SYSVIEW_Warn
 .text.memcmp   0x08006fe0       0x20 C:/ST/STM32CubeIDE_1.16.0/STM32CubeIDE/plugins/com.st.stm32cube.ide.mcu.externaltools.gnu-tools-for-stm32.12.3.rel1.win32_1.0.200.202406191623/tools/bin/../lib/gcc/arm-none-eabi/12.3.1/../../../../arm-none-eabi/lib/thumb/v7e-m+fp/hard\libc_nano.a(libc_a-memcmp.o)
                0x08006fe0                memcmp
 .text.memset   0x08007000       0x10 C:/ST/STM32CubeIDE_1.16.0/STM32CubeIDE/plugins/com.st.stm32cube.ide.mcu.externaltools.gnu-tools-for-stm32.12.3.rel1.win32_1.0.200.202406191623/tools/bin/../lib/gcc/arm-none-eabi/12.3.1/../../../../arm-none-eabi/lib/thumb/v7e-m+fp/hard\libc_nano.a(libc_a-memset.o)
                0x08007000                memset
 .text.__libc_init_array
                0x08007010       0x48 C:/ST/STM32CubeIDE_1.16.0/STM32CubeIDE/plugins/com.st.stm32cube.ide.mcu.externaltools.gnu-tools-for-stm32.12.3.rel1.win32_1.0.200.202406191623/tools/bin/../lib/gcc/arm-none-eabi/12.3.1/../../../../arm-none-eabi/lib/thumb/v7e-m+fp/hard\libc_nano.a(libc_a-init.o)
                0x08007010                __libc_init_array
 .text.memcpy   0x08007058       0x1c C:/ST/STM32CubeIDE_1.16.0/STM32CubeIDE/plugins/com.st.stm32cube.ide.mcu.externaltools.gnu-tools-for-stm32.12.3.rel1.win32_1.0.200.202406191623/tools/bin/../lib/gcc/arm-none-eabi/12.3.1/../../../../arm-none-eabi/lib/thumb/v7e-m+fp/hard\libc_nano.a(libc_a-memcpy-stub.o)
                0x08007058                memcpy
 *(.glue_7)
 .glue_7        0x08007074        0x0 linker stubs
 *(.glue_7t)
 .glue_7t       0x08007074        0x0 linker stubs
 *(.eh_frame)
 .eh_frame      0x08007074        0x0 C:/ST/STM32CubeIDE_1.16.0/STM32CubeIDE/plugins/com.st.stm32cube.ide.mcu.externaltools.gnu-tools-for-stm32.12.3.rel1.win32_1.0.200.202406191623/tools/bin/../lib/gcc/arm-none-eabi/12.3.1/thumb/v7e-m+fp/hard/crtbegin.o
 *(.init)
 .init          0x08007074        0x4 C:/ST/STM32CubeIDE_1.16.0/STM32CubeIDE/plugins/com.st.stm32cube.ide.mcu.externaltools.gnu-tools-for-stm32.12.3.rel1.win32_1.0.200.202406191623/tools/bin/../lib/gcc/arm-none-eabi/12.3.1/thumb/v7e-m+fp/hard/crti.o
                0x08007074                _init
 .init          0x08007078        0x8 C:/ST/STM32CubeIDE_1.16.0/STM32CubeIDE/plugins/com.st.stm32cube.ide.mcu.externaltools.gnu-tools-for-stm32.12.3.rel1.win32_1.0.200.202406191623/tools/bin/../lib/gcc/arm-none-eabi/12.3.1/thumb/v7e-m+fp/hard/crtn.o
 *(.fini)
 .fini          0x08007080        0x4 C:/ST/STM32CubeIDE_1.16.0/STM32CubeIDE/plugins/com.st.stm32cube.ide.mcu.externaltools.gnu-tools-for-stm32.12.3.rel1.win32_1.0.200.202406191623/tools/bin/../lib/gcc/arm-none-eabi/12.3.1/thumb/v7e-m+fp/hard/crti.o
                0x08007080                _fini
 .fini          0x08007084        0x8 C:/ST/STM32CubeIDE_1.16.0/STM32CubeIDE/plugins/com.st.stm32cube.ide.mcu.externaltools.gnu-tools-for-stm32.12.3.rel1.win32_1.0.200.202406191623/tools/bin/../lib/gcc/arm-none-eabi/12.3.1/thumb/v7e-m+fp/hard/crtn.o
                0x0800708c                        . = ALIGN (0x4)
                0x0800708c                        _etext = .

.vfp11_veneer   0x0800708c        0x0
 .vfp11_veneer  0x0800708c        0x0 linker stubs

.v4_bx          0x0800708c        0x0
 .v4_bx         0x0800708c        0x0 linker stubs

.iplt           0x0800708c        0x0
 .iplt          0x0800708c        0x0 C:/ST/STM32CubeIDE_1.16.0/STM32CubeIDE/plugins/com.st.stm32cube.ide.mcu.externaltools.gnu-tools-for-stm32.12.3.rel1.win32_1.0.200.202406191623/tools/bin/../lib/gcc/arm-none-eabi/12.3.1/thumb/v7e-m+fp/hard/crtbegin.o

.rodata         0x0800708c      0x1d4
                0x0800708c                        . = ALIGN (0x4)
 *(.rodata)
 .rodata        0x0800708c       0xbc ./Core/Src/main.o
 .rodata        0x08007148        0x5 ./common/ThirdParty/FreeRTOS/tasks.o
 *fill*         0x0800714d        0x3 
 .rodata        0x08007150        0xd ./common/ThirdParty/FreeRTOS/timers.o
 *fill*         0x0800715d        0x3 
 .rodata        0x08007160       0x49 ./common/ThirdParty/SEGGER/Config/SEGGER_SYSVIEW_Config_FreeRTOS.o
 *fill*         0x080071a9        0x3 
 .rodata        0x080071ac       0x58 ./common/ThirdParty/SEGGER/OS/SEGGER_SYSVIEW_FreeRTOS.o
 .rodata        0x08007204       0x17 ./common/ThirdParty/SEGGER/SEGGER/SEGGER_RTT.o
 *fill*         0x0800721b        0x1 
 .rodata        0x0800721c        0x8 ./common/ThirdParty/SEGGER/SEGGER/SEGGER_SYSVIEW.o
 *(.rodata*)
 .rodata.AHBPrescTable
                0x08007224       0x10 ./Core/Src/system_stm32f4xx.o
                0x08007224                AHBPrescTable
 .rodata.APBPrescTable
                0x08007234        0x8 ./Core/Src/system_stm32f4xx.o
                0x08007234                APBPrescTable
 .rodata.SYSVIEW_X_OS_TraceAPI
                0x0800723c        0x8 ./common/ThirdParty/SEGGER/OS/SEGGER_SYSVIEW_FreeRTOS.o
                0x0800723c                SYSVIEW_X_OS_TraceAPI
 .rodata._abSync
                0x08007244        0xa ./common/ThirdParty/SEGGER/SEGGER/SEGGER_SYSVIEW.o
 *fill*         0x0800724e        0x2 
 .rodata._aV2C.0
                0x08007250       0x10 ./common/ThirdParty/SEGGER/SEGGER/SEGGER_SYSVIEW.o
                0x08007260                        . = ALIGN (0x4)

.ARM.extab      0x08007260        0x0
                0x08007260                        . = ALIGN (0x4)
 *(.ARM.extab* .gnu.linkonce.armextab.*)
                0x08007260                        . = ALIGN (0x4)

.ARM            0x08007260        0x8
                0x08007260                        . = ALIGN (0x4)
                0x08007260                        __exidx_start = .
 *(.ARM.exidx*)
 .ARM.exidx     0x08007260        0x8 C:/ST/STM32CubeIDE_1.16.0/STM32CubeIDE/plugins/com.st.stm32cube.ide.mcu.externaltools.gnu-tools-for-stm32.12.3.rel1.win32_1.0.200.202406191623/tools/bin/../lib/gcc/arm-none-eabi/12.3.1/thumb/v7e-m+fp/hard\libgcc.a(_udivmoddi4.o)
                0x08007268                        __exidx_end = .
                0x08007268                        . = ALIGN (0x4)

.preinit_array  0x08007268        0x0
                0x08007268                        . = ALIGN (0x4)
                0x08007268                        PROVIDE (__preinit_array_start = .)
 *(.preinit_array*)
                0x08007268                        PROVIDE (__preinit_array_end = .)
                0x08007268                        . = ALIGN (0x4)

.init_array     0x08007268        0x4
                0x08007268                        . = ALIGN (0x4)
                0x08007268                        PROVIDE (__init_array_start = .)
 *(SORT_BY_NAME(.init_array.*))
 *(.init_array*)
 .init_array    0x08007268        0x4 C:/ST/STM32CubeIDE_1.16.0/STM32CubeIDE/plugins/com.st.stm32cube.ide.mcu.externaltools.gnu-tools-for-stm32.12.3.rel1.win32_1.0.200.202406191623/tools/bin/../lib/gcc/arm-none-eabi/12.3.1/thumb/v7e-m+fp/hard/crtbegin.o
                0x0800726c                        PROVIDE (__init_array_end = .)
                0x0800726c                        . = ALIGN (0x4)

.fini_array     0x0800726c        0x4
                0x0800726c                        . = ALIGN (0x4)
                [!provide]                        PROVIDE (__fini_array_start = .)
 *(SORT_BY_NAME(.fini_array.*))
 *(.fini_array*)
 .fini_array    0x0800726c        0x4 C:/ST/STM32CubeIDE_1.16.0/STM32CubeIDE/plugins/com.st.stm32cube.ide.mcu.externaltools.gnu-tools-for-stm32.12.3.rel1.win32_1.0.200.202406191623/tools/bin/../lib/gcc/arm-none-eabi/12.3.1/thumb/v7e-m+fp/hard/crtbegin.o
                [!provide]                        PROVIDE (__fini_array_end = .)
                0x08007270                        . = ALIGN (0x4)
                0x08007270                        _sidata = LOADADDR (.data)

.rel.dyn        0x08007270        0x0
 .rel.iplt      0x08007270        0x0 C:/ST/STM32CubeIDE_1.16.0/STM32CubeIDE/plugins/com.st.stm32cube.ide.mcu.externaltools.gnu-tools-for-stm32.12.3.rel1.win32_1.0.200.202406191623/tools/bin/../lib/gcc/arm-none-eabi/12.3.1/thumb/v7e-m+fp/hard/crtbegin.o

.data           0x20000000       0x14 load address 0x08007270
                0x20000000                        . = ALIGN (0x4)
                0x20000000                        _sdata = .
 *(.data)
 *(.data*)
 .data.SystemCoreClock
                0x20000000        0x4 ./Core/Src/system_stm32f4xx.o
                0x20000000                SystemCoreClock
 .data.uwTickPrio
                0x20000004        0x4 ./Drivers/STM32F4xx_HAL_Driver/Src/stm32f4xx_hal.o
                0x20000004                uwTickPrio
 .data.uwTickFreq
                0x20000008        0x1 ./Drivers/STM32F4xx_HAL_Driver/Src/stm32f4xx_hal.o
                0x20000008                uwTickFreq
 *fill*         0x20000009        0x3 
 .data.uxTopUsedPriority
                0x2000000c        0x4 ./common/ThirdParty/FreeRTOS/tasks.o
                0x2000000c                uxTopUsedPriority
 .data.uxCriticalNesting
                0x20000010        0x4 ./common/ThirdParty/FreeRTOS/portable/GCC/ARM_CM4F/port.o
 *(.RamFunc)
 *(.RamFunc*)
                0x20000014                        . = ALIGN (0x4)
                0x20000014                        _edata = .

.igot.plt       0x20000014        0x0 load address 0x08007284
 .igot.plt      0x20000014        0x0 C:/ST/STM32CubeIDE_1.16.0/STM32CubeIDE/plugins/com.st.stm32cube.ide.mcu.externaltools.gnu-tools-for-stm32.12.3.rel1.win32_1.0.200.202406191623/tools/bin/../lib/gcc/arm-none-eabi/12.3.1/thumb/v7e-m+fp/hard/crtbegin.o
                0x20000014                        . = ALIGN (0x4)

.bss            0x20000014    0x4c89c load address 0x08007284
                0x20000014                        _sbss = .
                0x20000014                        __bss_start__ = _sbss
 *(.bss)
 .bss           0x20000014       0x1c C:/ST/STM32CubeIDE_1.16.0/STM32CubeIDE/plugins/com.st.stm32cube.ide.mcu.externaltools.gnu-tools-for-stm32.12.3.rel1.win32_1.0.200.202406191623/tools/bin/../lib/gcc/arm-none-eabi/12.3.1/thumb/v7e-m+fp/hard/crtbegin.o
 *(.bss*)
 .bss.LED1_task_handle
                0x20000030        0x4 ./Core/Src/main.o
                0x20000030                LED1_task_handle
 .bss.LED2_task_handle
                0x20000034        0x4 ./Core/Src/main.o
                0x20000034                LED2_task_handle
 .bss.LED3_task_handle
                0x20000038        0x4 ./Core/Src/main.o
                0x20000038                LED3_task_handle
 .bss.BTN_task_handle
                0x2000003c        0x4 ./Core/Src/main.o
                0x2000003c                BTN_task_handle
 .bss.next_task_handle
                0x20000040        0x4 ./Core/Src/main.o
                0x20000040                next_task_handle
 .bss.status    0x20000044        0x4 ./Core/Src/main.o
                0x20000044                status
 .bss.htim6     0x20000048       0x48 ./Core/Src/stm32f4xx_hal_timebase_tim.o
                0x20000048                htim6
 .bss.uwTick    0x20000090        0x4 ./Drivers/STM32F4xx_HAL_Driver/Src/stm32f4xx_hal.o
                0x20000090                uwTick
 .bss.xQueueRegistry
                0x20000094       0x40 ./common/ThirdParty/FreeRTOS/queue.o
                0x20000094                xQueueRegistry
 .bss.pxCurrentTCB
                0x200000d4        0x4 ./common/ThirdParty/FreeRTOS/tasks.o
                0x200000d4                pxCurrentTCB
 .bss.pxReadyTasksLists
                0x200000d8       0x64 ./common/ThirdParty/FreeRTOS/tasks.o
 .bss.xDelayedTaskList1
                0x2000013c       0x14 ./common/ThirdParty/FreeRTOS/tasks.o
 .bss.xDelayedTaskList2
                0x20000150       0x14 ./common/ThirdParty/FreeRTOS/tasks.o
 .bss.pxDelayedTaskList
                0x20000164        0x4 ./common/ThirdParty/FreeRTOS/tasks.o
 .bss.pxOverflowDelayedTaskList
                0x20000168        0x4 ./common/ThirdParty/FreeRTOS/tasks.o
 .bss.xPendingReadyList
                0x2000016c       0x14 ./common/ThirdParty/FreeRTOS/tasks.o
 .bss.xTasksWaitingTermination
                0x20000180       0x14 ./common/ThirdParty/FreeRTOS/tasks.o
 .bss.uxDeletedTasksWaitingCleanUp
                0x20000194        0x4 ./common/ThirdParty/FreeRTOS/tasks.o
 .bss.xSuspendedTaskList
                0x20000198       0x14 ./common/ThirdParty/FreeRTOS/tasks.o
 .bss.uxCurrentNumberOfTasks
                0x200001ac        0x4 ./common/ThirdParty/FreeRTOS/tasks.o
 .bss.xTickCount
                0x200001b0        0x4 ./common/ThirdParty/FreeRTOS/tasks.o
 .bss.uxTopReadyPriority
                0x200001b4        0x4 ./common/ThirdParty/FreeRTOS/tasks.o
 .bss.xSchedulerRunning
                0x200001b8        0x4 ./common/ThirdParty/FreeRTOS/tasks.o
 .bss.xPendedTicks
                0x200001bc        0x4 ./common/ThirdParty/FreeRTOS/tasks.o
 .bss.xYieldPending
                0x200001c0        0x4 ./common/ThirdParty/FreeRTOS/tasks.o
 .bss.xNumOfOverflows
                0x200001c4        0x4 ./common/ThirdParty/FreeRTOS/tasks.o
 .bss.uxTaskNumber
                0x200001c8        0x4 ./common/ThirdParty/FreeRTOS/tasks.o
 .bss.xNextTaskUnblockTime
                0x200001cc        0x4 ./common/ThirdParty/FreeRTOS/tasks.o
 .bss.xIdleTaskHandle
                0x200001d0        0x4 ./common/ThirdParty/FreeRTOS/tasks.o
 .bss.uxSchedulerSuspended
                0x200001d4        0x4 ./common/ThirdParty/FreeRTOS/tasks.o
 .bss.xActiveTimerList1
                0x200001d8       0x14 ./common/ThirdParty/FreeRTOS/timers.o
 .bss.xActiveTimerList2
                0x200001ec       0x14 ./common/ThirdParty/FreeRTOS/timers.o
 .bss.pxCurrentTimerList
                0x20000200        0x4 ./common/ThirdParty/FreeRTOS/timers.o
 .bss.pxOverflowTimerList
                0x20000204        0x4 ./common/ThirdParty/FreeRTOS/timers.o
 .bss.xTimerQueue
                0x20000208        0x4 ./common/ThirdParty/FreeRTOS/timers.o
 .bss.xTimerTaskHandle
                0x2000020c        0x4 ./common/ThirdParty/FreeRTOS/timers.o
 .bss.xLastTime.0
                0x20000210        0x4 ./common/ThirdParty/FreeRTOS/timers.o
 .bss.ucMaxSysCallPriority
                0x20000214        0x1 ./common/ThirdParty/FreeRTOS/portable/GCC/ARM_CM4F/port.o
 *fill*         0x20000215        0x3 
 .bss.ulMaxPRIGROUPValue
                0x20000218        0x4 ./common/ThirdParty/FreeRTOS/portable/GCC/ARM_CM4F/port.o
 .bss.ucHeap    0x2000021c    0x4b000 ./common/ThirdParty/FreeRTOS/portable/MemMang/heap_4.o
 .bss.xStart    0x2004b21c        0x8 ./common/ThirdParty/FreeRTOS/portable/MemMang/heap_4.o
 .bss.pxEnd     0x2004b224        0x4 ./common/ThirdParty/FreeRTOS/portable/MemMang/heap_4.o
 .bss.xFreeBytesRemaining
                0x2004b228        0x4 ./common/ThirdParty/FreeRTOS/portable/MemMang/heap_4.o
 .bss.xMinimumEverFreeBytesRemaining
                0x2004b22c        0x4 ./common/ThirdParty/FreeRTOS/portable/MemMang/heap_4.o
 .bss.xNumberOfSuccessfulAllocations
                0x2004b230        0x4 ./common/ThirdParty/FreeRTOS/portable/MemMang/heap_4.o
 .bss.xNumberOfSuccessfulFrees
                0x2004b234        0x4 ./common/ThirdParty/FreeRTOS/portable/MemMang/heap_4.o
 .bss._aTasks   0x2004b238       0xa0 ./common/ThirdParty/SEGGER/OS/SEGGER_SYSVIEW_FreeRTOS.o
 .bss._NumTasks
                0x2004b2d8        0x4 ./common/ThirdParty/SEGGER/OS/SEGGER_SYSVIEW_FreeRTOS.o
 .bss._SEGGER_RTT
                0x2004b2dc       0xa8 ./common/ThirdParty/SEGGER/SEGGER/SEGGER_RTT.o
                0x2004b2dc                _SEGGER_RTT
 .bss._acUpBuffer
                0x2004b384      0x400 ./common/ThirdParty/SEGGER/SEGGER/SEGGER_RTT.o
 .bss._acDownBuffer
                0x2004b784       0x10 ./common/ThirdParty/SEGGER/SEGGER/SEGGER_RTT.o
 .bss._UpBuffer
                0x2004b794     0x1000 ./common/ThirdParty/SEGGER/SEGGER/SEGGER_SYSVIEW.o
 .bss._DownBuffer
                0x2004c794        0x8 ./common/ThirdParty/SEGGER/SEGGER/SEGGER_SYSVIEW.o
 .bss._SYSVIEW_Globals
                0x2004c79c       0x28 ./common/ThirdParty/SEGGER/SEGGER/SEGGER_SYSVIEW.o
 .bss._pFirstModule
                0x2004c7c4        0x4 ./common/ThirdParty/SEGGER/SEGGER/SEGGER_SYSVIEW.o
 .bss._NumModules
                0x2004c7c8        0x1 ./common/ThirdParty/SEGGER/SEGGER/SEGGER_SYSVIEW.o
 *fill*         0x2004c7c9        0x3 
 .bss._aPacket  0x2004c7cc       0xe3 ./common/ThirdParty/SEGGER/SEGGER/SEGGER_SYSVIEW.o
 *(COMMON)
                0x2004c8b0                        . = ALIGN (0x4)
 *fill*         0x2004c8af        0x1 
                0x2004c8b0                        _ebss = .
                0x2004c8b0                        __bss_end__ = _ebss

._user_heap_stack
                0x2004c8b0      0x600 load address 0x08007284
                0x2004c8b0                        . = ALIGN (0x8)
                [!provide]                        PROVIDE (end = .)
                0x2004c8b0                        PROVIDE (_end = .)
                0x2004cab0                        . = (. + _Min_Heap_Size)
 *fill*         0x2004c8b0      0x200 
                0x2004ceb0                        . = (. + _Min_Stack_Size)
 *fill*         0x2004cab0      0x400 
                0x2004ceb0                        . = ALIGN (0x8)

/DISCARD/
 libc.a(*)
 libm.a(*)
 libgcc.a(*)

.ARM.attributes
                0x00000000       0x30
 *(.ARM.attributes)
 .ARM.attributes
                0x00000000       0x22 C:/ST/STM32CubeIDE_1.16.0/STM32CubeIDE/plugins/com.st.stm32cube.ide.mcu.externaltools.gnu-tools-for-stm32.12.3.rel1.win32_1.0.200.202406191623/tools/bin/../lib/gcc/arm-none-eabi/12.3.1/thumb/v7e-m+fp/hard/crti.o
 .ARM.attributes
                0x00000022       0x34 C:/ST/STM32CubeIDE_1.16.0/STM32CubeIDE/plugins/com.st.stm32cube.ide.mcu.externaltools.gnu-tools-for-stm32.12.3.rel1.win32_1.0.200.202406191623/tools/bin/../lib/gcc/arm-none-eabi/12.3.1/thumb/v7e-m+fp/hard/crtbegin.o
 .ARM.attributes
                0x00000056       0x34 ./Core/Src/main.o
 .ARM.attributes
                0x0000008a       0x34 ./Core/Src/stm32f4xx_hal_msp.o
 .ARM.attributes
                0x000000be       0x34 ./Core/Src/stm32f4xx_hal_timebase_tim.o
 .ARM.attributes
                0x000000f2       0x34 ./Core/Src/stm32f4xx_it.o
 .ARM.attributes
                0x00000126       0x34 ./Core/Src/system_stm32f4xx.o
 .ARM.attributes
                0x0000015a       0x21 ./Core/Startup/startup_stm32f413zhtx.o
 .ARM.attributes
                0x0000017b       0x34 ./Drivers/STM32F4xx_HAL_Driver/Src/stm32f4xx_hal.o
 .ARM.attributes
                0x000001af       0x34 ./Drivers/STM32F4xx_HAL_Driver/Src/stm32f4xx_hal_cortex.o
 .ARM.attributes
                0x000001e3       0x34 ./Drivers/STM32F4xx_HAL_Driver/Src/stm32f4xx_hal_gpio.o
 .ARM.attributes
                0x00000217       0x34 ./Drivers/STM32F4xx_HAL_Driver/Src/stm32f4xx_hal_rcc.o
 .ARM.attributes
                0x0000024b       0x34 ./Drivers/STM32F4xx_HAL_Driver/Src/stm32f4xx_hal_rcc_ex.o
 .ARM.attributes
                0x0000027f       0x34 ./Drivers/STM32F4xx_HAL_Driver/Src/stm32f4xx_hal_tim.o
 .ARM.attributes
                0x000002b3       0x34 ./Drivers/STM32F4xx_HAL_Driver/Src/stm32f4xx_hal_tim_ex.o
 .ARM.attributes
                0x000002e7       0x34 ./common/ThirdParty/FreeRTOS/list.o
 .ARM.attributes
                0x0000031b       0x34 ./common/ThirdParty/FreeRTOS/queue.o
 .ARM.attributes
                0x0000034f       0x34 ./common/ThirdParty/FreeRTOS/tasks.o
 .ARM.attributes
                0x00000383       0x34 ./common/ThirdParty/FreeRTOS/timers.o
 .ARM.attributes
                0x000003b7       0x34 ./common/ThirdParty/FreeRTOS/portable/GCC/ARM_CM4F/port.o
 .ARM.attributes
                0x000003eb       0x34 ./common/ThirdParty/FreeRTOS/portable/MemMang/heap_4.o
 .ARM.attributes
                0x0000041f       0x34 ./common/ThirdParty/SEGGER/Config/SEGGER_SYSVIEW_Config_FreeRTOS.o
 .ARM.attributes
                0x00000453       0x34 ./common/ThirdParty/SEGGER/OS/SEGGER_SYSVIEW_FreeRTOS.o
 .ARM.attributes
                0x00000487       0x34 ./common/ThirdParty/SEGGER/SEGGER/SEGGER_RTT.o
 .ARM.attributes
                0x000004bb       0x20 ./common/ThirdParty/SEGGER/SEGGER/SEGGER_RTT_ASM_ARMv7M.o
 .ARM.attributes
                0x000004db       0x34 ./common/ThirdParty/SEGGER/SEGGER/SEGGER_SYSVIEW.o
 .ARM.attributes
                0x0000050f       0x34 C:/ST/STM32CubeIDE_1.16.0/STM32CubeIDE/plugins/com.st.stm32cube.ide.mcu.externaltools.gnu-tools-for-stm32.12.3.rel1.win32_1.0.200.202406191623/tools/bin/../lib/gcc/arm-none-eabi/12.3.1/../../../../arm-none-eabi/lib/thumb/v7e-m+fp/hard\libc_nano.a(libc_a-memcmp.o)
 .ARM.attributes
                0x00000543       0x34 C:/ST/STM32CubeIDE_1.16.0/STM32CubeIDE/plugins/com.st.stm32cube.ide.mcu.externaltools.gnu-tools-for-stm32.12.3.rel1.win32_1.0.200.202406191623/tools/bin/../lib/gcc/arm-none-eabi/12.3.1/../../../../arm-none-eabi/lib/thumb/v7e-m+fp/hard\libc_nano.a(libc_a-memset.o)
 .ARM.attributes
                0x00000577       0x34 C:/ST/STM32CubeIDE_1.16.0/STM32CubeIDE/plugins/com.st.stm32cube.ide.mcu.externaltools.gnu-tools-for-stm32.12.3.rel1.win32_1.0.200.202406191623/tools/bin/../lib/gcc/arm-none-eabi/12.3.1/../../../../arm-none-eabi/lib/thumb/v7e-m+fp/hard\libc_nano.a(libc_a-init.o)
 .ARM.attributes
                0x000005ab       0x34 C:/ST/STM32CubeIDE_1.16.0/STM32CubeIDE/plugins/com.st.stm32cube.ide.mcu.externaltools.gnu-tools-for-stm32.12.3.rel1.win32_1.0.200.202406191623/tools/bin/../lib/gcc/arm-none-eabi/12.3.1/../../../../arm-none-eabi/lib/thumb/v7e-m+fp/hard\libc_nano.a(libc_a-memcpy-stub.o)
 .ARM.attributes
                0x000005df       0x22 C:/ST/STM32CubeIDE_1.16.0/STM32CubeIDE/plugins/com.st.stm32cube.ide.mcu.externaltools.gnu-tools-for-stm32.12.3.rel1.win32_1.0.200.202406191623/tools/bin/../lib/gcc/arm-none-eabi/12.3.1/thumb/v7e-m+fp/hard\libgcc.a(_aeabi_uldivmod.o)
 .ARM.attributes
                0x00000601       0x34 C:/ST/STM32CubeIDE_1.16.0/STM32CubeIDE/plugins/com.st.stm32cube.ide.mcu.externaltools.gnu-tools-for-stm32.12.3.rel1.win32_1.0.200.202406191623/tools/bin/../lib/gcc/arm-none-eabi/12.3.1/thumb/v7e-m+fp/hard\libgcc.a(_udivmoddi4.o)
 .ARM.attributes
                0x00000635       0x22 C:/ST/STM32CubeIDE_1.16.0/STM32CubeIDE/plugins/com.st.stm32cube.ide.mcu.externaltools.gnu-tools-for-stm32.12.3.rel1.win32_1.0.200.202406191623/tools/bin/../lib/gcc/arm-none-eabi/12.3.1/thumb/v7e-m+fp/hard\libgcc.a(_dvmd_tls.o)
 .ARM.attributes
                0x00000657       0x22 C:/ST/STM32CubeIDE_1.16.0/STM32CubeIDE/plugins/com.st.stm32cube.ide.mcu.externaltools.gnu-tools-for-stm32.12.3.rel1.win32_1.0.200.202406191623/tools/bin/../lib/gcc/arm-none-eabi/12.3.1/thumb/v7e-m+fp/hard/crtn.o
OUTPUT(403LEDnButton.elf elf32-littlearm)
LOAD linker stubs
LOAD C:/ST/STM32CubeIDE_1.16.0/STM32CubeIDE/plugins/com.st.stm32cube.ide.mcu.externaltools.gnu-tools-for-stm32.12.3.rel1.win32_1.0.200.202406191623/tools/bin/../lib/gcc/arm-none-eabi/12.3.1/../../../../arm-none-eabi/lib/thumb/v7e-m+fp/hard\libc.a
LOAD C:/ST/STM32CubeIDE_1.16.0/STM32CubeIDE/plugins/com.st.stm32cube.ide.mcu.externaltools.gnu-tools-for-stm32.12.3.rel1.win32_1.0.200.202406191623/tools/bin/../lib/gcc/arm-none-eabi/12.3.1/../../../../arm-none-eabi/lib/thumb/v7e-m+fp/hard\libm.a
LOAD C:/ST/STM32CubeIDE_1.16.0/STM32CubeIDE/plugins/com.st.stm32cube.ide.mcu.externaltools.gnu-tools-for-stm32.12.3.rel1.win32_1.0.200.202406191623/tools/bin/../lib/gcc/arm-none-eabi/12.3.1/thumb/v7e-m+fp/hard\libgcc.a

.debug_info     0x00000000    0x1460b
 .debug_info    0x00000000     0x10e5 ./Core/Src/main.o
 .debug_info    0x000010e5      0x2a8 ./Core/Src/stm32f4xx_hal_msp.o
 .debug_info    0x0000138d      0xc74 ./Core/Src/stm32f4xx_hal_timebase_tim.o
 .debug_info    0x00002001      0x6ab ./Core/Src/stm32f4xx_it.o
 .debug_info    0x000026ac      0x54a ./Core/Src/system_stm32f4xx.o
 .debug_info    0x00002bf6       0x30 ./Core/Startup/startup_stm32f413zhtx.o
 .debug_info    0x00002c26      0x9ca ./Drivers/STM32F4xx_HAL_Driver/Src/stm32f4xx_hal.o
 .debug_info    0x000035f0      0xdda ./Drivers/STM32F4xx_HAL_Driver/Src/stm32f4xx_hal_cortex.o
 .debug_info    0x000043ca      0x723 ./Drivers/STM32F4xx_HAL_Driver/Src/stm32f4xx_hal_gpio.o
 .debug_info    0x00004aed      0x8eb ./Drivers/STM32F4xx_HAL_Driver/Src/stm32f4xx_hal_rcc.o
 .debug_info    0x000053d8      0x829 ./Drivers/STM32F4xx_HAL_Driver/Src/stm32f4xx_hal_rcc_ex.o
 .debug_info    0x00005c01     0x299d ./Drivers/STM32F4xx_HAL_Driver/Src/stm32f4xx_hal_tim.o
 .debug_info    0x0000859e     0x1771 ./Drivers/STM32F4xx_HAL_Driver/Src/stm32f4xx_hal_tim_ex.o
 .debug_info    0x00009d0f      0x2af ./common/ThirdParty/FreeRTOS/list.o
 .debug_info    0x00009fbe     0x18ec ./common/ThirdParty/FreeRTOS/queue.o
 .debug_info    0x0000b8aa     0x25e5 ./common/ThirdParty/FreeRTOS/tasks.o
 .debug_info    0x0000de8f      0xe20 ./common/ThirdParty/FreeRTOS/timers.o
 .debug_info    0x0000ecaf      0x59d ./common/ThirdParty/FreeRTOS/portable/GCC/ARM_CM4F/port.o
 .debug_info    0x0000f24c      0x523 ./common/ThirdParty/FreeRTOS/portable/MemMang/heap_4.o
 .debug_info    0x0000f76f      0x173 ./common/ThirdParty/SEGGER/Config/SEGGER_SYSVIEW_Config_FreeRTOS.o
 .debug_info    0x0000f8e2      0x411 ./common/ThirdParty/SEGGER/OS/SEGGER_SYSVIEW_FreeRTOS.o
 .debug_info    0x0000fcf3     0x13d7 ./common/ThirdParty/SEGGER/SEGGER/SEGGER_RTT.o
 .debug_info    0x000110ca       0x25 ./common/ThirdParty/SEGGER/SEGGER/SEGGER_RTT_ASM_ARMv7M.o
 .debug_info    0x000110ef     0x351c ./common/ThirdParty/SEGGER/SEGGER/SEGGER_SYSVIEW.o

.debug_abbrev   0x00000000     0x30fa
 .debug_abbrev  0x00000000      0x366 ./Core/Src/main.o
 .debug_abbrev  0x00000366       0xeb ./Core/Src/stm32f4xx_hal_msp.o
 .debug_abbrev  0x00000451      0x1f4 ./Core/Src/stm32f4xx_hal_timebase_tim.o
 .debug_abbrev  0x00000645      0x17d ./Core/Src/stm32f4xx_it.o
 .debug_abbrev  0x000007c2      0x11a ./Core/Src/system_stm32f4xx.o
 .debug_abbrev  0x000008dc       0x24 ./Core/Startup/startup_stm32f413zhtx.o
 .debug_abbrev  0x00000900      0x214 ./Drivers/STM32F4xx_HAL_Driver/Src/stm32f4xx_hal.o
 .debug_abbrev  0x00000b14      0x31d ./Drivers/STM32F4xx_HAL_Driver/Src/stm32f4xx_hal_cortex.o
 .debug_abbrev  0x00000e31      0x1d4 ./Drivers/STM32F4xx_HAL_Driver/Src/stm32f4xx_hal_gpio.o
 .debug_abbrev  0x00001005      0x2b7 ./Drivers/STM32F4xx_HAL_Driver/Src/stm32f4xx_hal_rcc.o
 .debug_abbrev  0x000012bc      0x1e5 ./Drivers/STM32F4xx_HAL_Driver/Src/stm32f4xx_hal_rcc_ex.o
 .debug_abbrev  0x000014a1      0x278 ./Drivers/STM32F4xx_HAL_Driver/Src/stm32f4xx_hal_tim.o
 .debug_abbrev  0x00001719      0x28c ./Drivers/STM32F4xx_HAL_Driver/Src/stm32f4xx_hal_tim_ex.o
 .debug_abbrev  0x000019a5       0xf5 ./common/ThirdParty/FreeRTOS/list.o
 .debug_abbrev  0x00001a9a      0x321 ./common/ThirdParty/FreeRTOS/queue.o
 .debug_abbrev  0x00001dbb      0x39f ./common/ThirdParty/FreeRTOS/tasks.o
 .debug_abbrev  0x0000215a      0x2cb ./common/ThirdParty/FreeRTOS/timers.o
 .debug_abbrev  0x00002425      0x25a ./common/ThirdParty/FreeRTOS/portable/GCC/ARM_CM4F/port.o
 .debug_abbrev  0x0000267f      0x256 ./common/ThirdParty/FreeRTOS/portable/MemMang/heap_4.o
 .debug_abbrev  0x000028d5       0xdf ./common/ThirdParty/SEGGER/Config/SEGGER_SYSVIEW_Config_FreeRTOS.o
 .debug_abbrev  0x000029b4      0x1a4 ./common/ThirdParty/SEGGER/OS/SEGGER_SYSVIEW_FreeRTOS.o
 .debug_abbrev  0x00002b58      0x258 ./common/ThirdParty/SEGGER/SEGGER/SEGGER_RTT.o
 .debug_abbrev  0x00002db0       0x14 ./common/ThirdParty/SEGGER/SEGGER/SEGGER_RTT_ASM_ARMv7M.o
 .debug_abbrev  0x00002dc4      0x336 ./common/ThirdParty/SEGGER/SEGGER/SEGGER_SYSVIEW.o

.debug_aranges  0x00000000     0x1378
 .debug_aranges
                0x00000000       0x60 ./Core/Src/main.o
 .debug_aranges
                0x00000060       0x20 ./Core/Src/stm32f4xx_hal_msp.o
 .debug_aranges
                0x00000080       0x30 ./Core/Src/stm32f4xx_hal_timebase_tim.o
 .debug_aranges
                0x000000b0       0x50 ./Core/Src/stm32f4xx_it.o
 .debug_aranges
                0x00000100       0x28 ./Core/Src/system_stm32f4xx.o
 .debug_aranges
                0x00000128       0x28 ./Core/Startup/startup_stm32f413zhtx.o
 .debug_aranges
                0x00000150       0xf0 ./Drivers/STM32F4xx_HAL_Driver/Src/stm32f4xx_hal.o
 .debug_aranges
                0x00000240      0x130 ./Drivers/STM32F4xx_HAL_Driver/Src/stm32f4xx_hal_cortex.o
 .debug_aranges
                0x00000370       0x58 ./Drivers/STM32F4xx_HAL_Driver/Src/stm32f4xx_hal_gpio.o
 .debug_aranges
                0x000003c8       0x88 ./Drivers/STM32F4xx_HAL_Driver/Src/stm32f4xx_hal_rcc.o
 .debug_aranges
                0x00000450       0x60 ./Drivers/STM32F4xx_HAL_Driver/Src/stm32f4xx_hal_rcc_ex.o
 .debug_aranges
                0x000004b0      0x3d0 ./Drivers/STM32F4xx_HAL_Driver/Src/stm32f4xx_hal_tim.o
 .debug_aranges
                0x00000880      0x168 ./Drivers/STM32F4xx_HAL_Driver/Src/stm32f4xx_hal_tim_ex.o
 .debug_aranges
                0x000009e8       0x40 ./common/ThirdParty/FreeRTOS/list.o
 .debug_aranges
                0x00000a28      0x130 ./common/ThirdParty/FreeRTOS/queue.o
 .debug_aranges
                0x00000b58      0x208 ./common/ThirdParty/FreeRTOS/tasks.o
 .debug_aranges
                0x00000d60       0xe8 ./common/ThirdParty/FreeRTOS/timers.o
 .debug_aranges
                0x00000e48       0x88 ./common/ThirdParty/FreeRTOS/portable/GCC/ARM_CM4F/port.o
 .debug_aranges
                0x00000ed0       0x60 ./common/ThirdParty/FreeRTOS/portable/MemMang/heap_4.o
 .debug_aranges
                0x00000f30       0x28 ./common/ThirdParty/SEGGER/Config/SEGGER_SYSVIEW_Config_FreeRTOS.o
 .debug_aranges
                0x00000f58       0x48 ./common/ThirdParty/SEGGER/OS/SEGGER_SYSVIEW_FreeRTOS.o
 .debug_aranges
                0x00000fa0      0x138 ./common/ThirdParty/SEGGER/SEGGER/SEGGER_RTT.o
 .debug_aranges
                0x000010d8       0x20 ./common/ThirdParty/SEGGER/SEGGER/SEGGER_RTT_ASM_ARMv7M.o
 .debug_aranges
                0x000010f8      0x280 ./common/ThirdParty/SEGGER/SEGGER/SEGGER_SYSVIEW.o

.debug_rnglists
                0x00000000      0xef9
 .debug_rnglists
                0x00000000       0x47 ./Core/Src/main.o
 .debug_rnglists
                0x00000047       0x13 ./Core/Src/stm32f4xx_hal_msp.o
 .debug_rnglists
                0x0000005a       0x20 ./Core/Src/stm32f4xx_hal_timebase_tim.o
 .debug_rnglists
                0x0000007a       0x37 ./Core/Src/stm32f4xx_it.o
 .debug_rnglists
                0x000000b1       0x1a ./Core/Src/system_stm32f4xx.o
 .debug_rnglists
                0x000000cb       0x19 ./Core/Startup/startup_stm32f413zhtx.o
 .debug_rnglists
                0x000000e4       0xaf ./Drivers/STM32F4xx_HAL_Driver/Src/stm32f4xx_hal.o
 .debug_rnglists
                0x00000193       0xe0 ./Drivers/STM32F4xx_HAL_Driver/Src/stm32f4xx_hal_cortex.o
 .debug_rnglists
                0x00000273       0x3f ./Drivers/STM32F4xx_HAL_Driver/Src/stm32f4xx_hal_gpio.o
 .debug_rnglists
                0x000002b2       0x66 ./Drivers/STM32F4xx_HAL_Driver/Src/stm32f4xx_hal_rcc.o
 .debug_rnglists
                0x00000318       0x4a ./Drivers/STM32F4xx_HAL_Driver/Src/stm32f4xx_hal_rcc_ex.o
 .debug_rnglists
                0x00000362      0x31a ./Drivers/STM32F4xx_HAL_Driver/Src/stm32f4xx_hal_tim.o
 .debug_rnglists
                0x0000067c      0x126 ./Drivers/STM32F4xx_HAL_Driver/Src/stm32f4xx_hal_tim_ex.o
 .debug_rnglists
                0x000007a2       0x2b ./common/ThirdParty/FreeRTOS/list.o
 .debug_rnglists
                0x000007cd       0xec ./common/ThirdParty/FreeRTOS/queue.o
 .debug_rnglists
                0x000008b9      0x1a1 ./common/ThirdParty/FreeRTOS/tasks.o
 .debug_rnglists
                0x00000a5a       0xad ./common/ThirdParty/FreeRTOS/timers.o
 .debug_rnglists
                0x00000b07       0x64 ./common/ThirdParty/FreeRTOS/portable/GCC/ARM_CM4F/port.o
 .debug_rnglists
                0x00000b6b       0x48 ./common/ThirdParty/FreeRTOS/portable/MemMang/heap_4.o
 .debug_rnglists
                0x00000bb3       0x19 ./common/ThirdParty/SEGGER/Config/SEGGER_SYSVIEW_Config_FreeRTOS.o
 .debug_rnglists
                0x00000bcc       0x36 ./common/ThirdParty/SEGGER/OS/SEGGER_SYSVIEW_FreeRTOS.o
 .debug_rnglists
                0x00000c02       0xf5 ./common/ThirdParty/SEGGER/SEGGER/SEGGER_RTT.o
 .debug_rnglists
                0x00000cf7      0x202 ./common/ThirdParty/SEGGER/SEGGER/SEGGER_SYSVIEW.o

.debug_macro    0x00000000    0x23aa2
 .debug_macro   0x00000000      0x37e ./Core/Src/main.o
 .debug_macro   0x0000037e      0xab4 ./Core/Src/main.o
 .debug_macro   0x00000e32      0x295 ./Core/Src/main.o
 .debug_macro   0x000010c7       0x2e ./Core/Src/main.o
 .debug_macro   0x000010f5       0x28 ./Core/Src/main.o
 .debug_macro   0x0000111d       0x22 ./Core/Src/main.o
 .debug_macro   0x0000113f       0x8e ./Core/Src/main.o
 .debug_macro   0x000011cd       0x51 ./Core/Src/main.o
 .debug_macro   0x0000121e      0x103 ./Core/Src/main.o
 .debug_macro   0x00001321       0x6a ./Core/Src/main.o
 .debug_macro   0x0000138b      0x1df ./Core/Src/main.o
 .debug_macro   0x0000156a       0x1c ./Core/Src/main.o
 .debug_macro   0x00001586       0x22 ./Core/Src/main.o
 .debug_macro   0x000015a8       0xfb ./Core/Src/main.o
 .debug_macro   0x000016a3     0x1011 ./Core/Src/main.o
 .debug_macro   0x000026b4      0x11f ./Core/Src/main.o
 .debug_macro   0x000027d3    0x15a8b ./Core/Src/main.o
 .debug_macro   0x0001825e       0x6d ./Core/Src/main.o
 .debug_macro   0x000182cb     0x369a ./Core/Src/main.o
 .debug_macro   0x0001b965      0x189 ./Core/Src/main.o
 .debug_macro   0x0001baee       0x5c ./Core/Src/main.o
 .debug_macro   0x0001bb4a      0xcf2 ./Core/Src/main.o
 .debug_macro   0x0001c83c      0x9e9 ./Core/Src/main.o
 .debug_macro   0x0001d225      0x115 ./Core/Src/main.o
 .debug_macro   0x0001d33a      0x202 ./Core/Src/main.o
 .debug_macro   0x0001d53c       0xa5 ./Core/Src/main.o
 .debug_macro   0x0001d5e1      0x173 ./Core/Src/main.o
 .debug_macro   0x0001d754      0x2bf ./Core/Src/main.o
 .debug_macro   0x0001da13       0x5f ./Core/Src/main.o
 .debug_macro   0x0001da72      0x236 ./Core/Src/main.o
 .debug_macro   0x0001dca8      0x132 ./Core/Src/main.o
 .debug_macro   0x0001ddda      0x30c ./Core/Src/main.o
 .debug_macro   0x0001e0e6       0x2e ./Core/Src/main.o
 .debug_macro   0x0001e114      0x127 ./Core/Src/main.o
 .debug_macro   0x0001e23b       0x91 ./Core/Src/main.o
 .debug_macro   0x0001e2cc       0x89 ./Core/Src/main.o
 .debug_macro   0x0001e355      0x8ed ./Core/Src/main.o
 .debug_macro   0x0001ec42       0x77 ./Core/Src/main.o
 .debug_macro   0x0001ecb9      0x134 ./Core/Src/main.o
 .debug_macro   0x0001eded       0xd0 ./Core/Src/main.o
 .debug_macro   0x0001eebd       0x61 ./Core/Src/main.o
 .debug_macro   0x0001ef1e       0x2a ./Core/Src/main.o
 .debug_macro   0x0001ef48       0x43 ./Core/Src/main.o
 .debug_macro   0x0001ef8b       0x34 ./Core/Src/main.o
 .debug_macro   0x0001efbf       0x16 ./Core/Src/main.o
 .debug_macro   0x0001efd5       0x35 ./Core/Src/main.o
 .debug_macro   0x0001f00a      0x369 ./Core/Src/main.o
 .debug_macro   0x0001f373       0x10 ./Core/Src/main.o
 .debug_macro   0x0001f383       0x16 ./Core/Src/main.o
 .debug_macro   0x0001f399       0x43 ./Core/Src/main.o
 .debug_macro   0x0001f3dc       0x34 ./Core/Src/main.o
 .debug_macro   0x0001f410       0x10 ./Core/Src/main.o
 .debug_macro   0x0001f420       0x58 ./Core/Src/main.o
 .debug_macro   0x0001f478       0x8e ./Core/Src/main.o
 .debug_macro   0x0001f506       0x1c ./Core/Src/main.o
 .debug_macro   0x0001f522      0x177 ./Core/Src/main.o
 .debug_macro   0x0001f699       0x16 ./Core/Src/main.o
 .debug_macro   0x0001f6af       0x16 ./Core/Src/main.o
 .debug_macro   0x0001f6c5      0x146 ./Core/Src/main.o
 .debug_macro   0x0001f80b      0x106 ./Core/Src/main.o
 .debug_macro   0x0001f911       0x4c ./Core/Src/main.o
 .debug_macro   0x0001f95d       0x46 ./Core/Src/main.o
 .debug_macro   0x0001f9a3       0x64 ./Core/Src/main.o
 .debug_macro   0x0001fa07       0x10 ./Core/Src/main.o
 .debug_macro   0x0001fa17       0x49 ./Core/Src/main.o
 .debug_macro   0x0001fa60       0xc3 ./Core/Src/main.o
 .debug_macro   0x0001fb23      0x204 ./Core/Src/main.o
 .debug_macro   0x0001fd27      0x450 ./Core/Src/main.o
 .debug_macro   0x00020177      0x15a ./Core/Src/main.o
 .debug_macro   0x000202d1       0xea ./Core/Src/main.o
 .debug_macro   0x000203bb       0x28 ./Core/Src/main.o
 .debug_macro   0x000203e3       0x1f ./Core/Src/main.o
 .debug_macro   0x00020402       0x12 ./Core/Src/main.o
 .debug_macro   0x00020414      0x400 ./Core/Src/main.o
 .debug_macro   0x00020814       0xc3 ./Core/Src/main.o
 .debug_macro   0x000208d7      0x120 ./Core/Src/main.o
 .debug_macro   0x000209f7      0x288 ./Core/Src/stm32f4xx_hal_msp.o
 .debug_macro   0x00020c7f       0x58 ./Core/Src/stm32f4xx_hal_msp.o
 .debug_macro   0x00020cd7      0x1c4 ./Core/Src/stm32f4xx_hal_timebase_tim.o
 .debug_macro   0x00020e9b      0x1dd ./Core/Src/stm32f4xx_it.o
 .debug_macro   0x00021078      0x1c4 ./Core/Src/system_stm32f4xx.o
 .debug_macro   0x0002123c      0x224 ./Drivers/STM32F4xx_HAL_Driver/Src/stm32f4xx_hal.o
 .debug_macro   0x00021460      0x1c4 ./Drivers/STM32F4xx_HAL_Driver/Src/stm32f4xx_hal_cortex.o
 .debug_macro   0x00021624      0x1ca ./Drivers/STM32F4xx_HAL_Driver/Src/stm32f4xx_hal_gpio.o
 .debug_macro   0x000217ee      0x1e8 ./Drivers/STM32F4xx_HAL_Driver/Src/stm32f4xx_hal_rcc.o
 .debug_macro   0x000219d6      0x1c4 ./Drivers/STM32F4xx_HAL_Driver/Src/stm32f4xx_hal_rcc_ex.o
 .debug_macro   0x00021b9a      0x1c5 ./Drivers/STM32F4xx_HAL_Driver/Src/stm32f4xx_hal_tim.o
 .debug_macro   0x00021d5f      0x1c4 ./Drivers/STM32F4xx_HAL_Driver/Src/stm32f4xx_hal_tim_ex.o
 .debug_macro   0x00021f23      0x1f8 ./common/ThirdParty/FreeRTOS/list.o
 .debug_macro   0x0002211b      0x28f ./common/ThirdParty/FreeRTOS/queue.o
 .debug_macro   0x000223aa       0x16 ./common/ThirdParty/FreeRTOS/queue.o
 .debug_macro   0x000223c0       0x20 ./common/ThirdParty/FreeRTOS/queue.o
 .debug_macro   0x000223e0       0x80 ./common/ThirdParty/FreeRTOS/queue.o
 .debug_macro   0x00022460      0x2de ./common/ThirdParty/FreeRTOS/tasks.o
 .debug_macro   0x0002273e       0x17 ./common/ThirdParty/FreeRTOS/tasks.o
 .debug_macro   0x00022755      0x247 ./common/ThirdParty/FreeRTOS/timers.o
 .debug_macro   0x0002299c       0x97 ./common/ThirdParty/FreeRTOS/timers.o
 .debug_macro   0x00022a33      0x207 ./common/ThirdParty/FreeRTOS/portable/GCC/ARM_CM4F/port.o
 .debug_macro   0x00022c3a      0x279 ./common/ThirdParty/FreeRTOS/portable/MemMang/heap_4.o
 .debug_macro   0x00022eb3      0x13b ./common/ThirdParty/SEGGER/Config/SEGGER_SYSVIEW_Config_FreeRTOS.o
 .debug_macro   0x00022fee      0x207 ./common/ThirdParty/SEGGER/OS/SEGGER_SYSVIEW_FreeRTOS.o
 .debug_macro   0x000231f5      0x1bd ./common/ThirdParty/SEGGER/SEGGER/SEGGER_RTT.o
 .debug_macro   0x000233b2       0x34 ./common/ThirdParty/SEGGER/SEGGER/SEGGER_RTT.o
 .debug_macro   0x000233e6      0x138 ./common/ThirdParty/SEGGER/SEGGER/SEGGER_RTT.o
 .debug_macro   0x0002351e      0x212 ./common/ThirdParty/SEGGER/SEGGER/SEGGER_SYSVIEW.o
 .debug_macro   0x00023730      0x204 ./common/ThirdParty/SEGGER/SEGGER/SEGGER_SYSVIEW.o
 .debug_macro   0x00023934      0x16e ./common/ThirdParty/SEGGER/SEGGER/SEGGER_SYSVIEW.o

.debug_line     0x00000000    0x16c13
 .debug_line    0x00000000      0xd89 ./Core/Src/main.o
 .debug_line    0x00000d89      0x9ed ./Core/Src/stm32f4xx_hal_msp.o
 .debug_line    0x00001776      0x7b2 ./Core/Src/stm32f4xx_hal_timebase_tim.o
 .debug_line    0x00001f28      0x7d3 ./Core/Src/stm32f4xx_it.o
 .debug_line    0x000026fb      0x7bb ./Core/Src/system_stm32f4xx.o
 .debug_line    0x00002eb6       0x7a ./Core/Startup/startup_stm32f413zhtx.o
 .debug_line    0x00002f30      0xa24 ./Drivers/STM32F4xx_HAL_Driver/Src/stm32f4xx_hal.o
 .debug_line    0x00003954      0xd16 ./Drivers/STM32F4xx_HAL_Driver/Src/stm32f4xx_hal_cortex.o
 .debug_line    0x0000466a      0xb9c ./Drivers/STM32F4xx_HAL_Driver/Src/stm32f4xx_hal_gpio.o
 .debug_line    0x00005206      0xdbb ./Drivers/STM32F4xx_HAL_Driver/Src/stm32f4xx_hal_rcc.o
 .debug_line    0x00005fc1     0x1117 ./Drivers/STM32F4xx_HAL_Driver/Src/stm32f4xx_hal_rcc_ex.o
 .debug_line    0x000070d8     0x37c8 ./Drivers/STM32F4xx_HAL_Driver/Src/stm32f4xx_hal_tim.o
 .debug_line    0x0000a8a0     0x1a20 ./Drivers/STM32F4xx_HAL_Driver/Src/stm32f4xx_hal_tim_ex.o
 .debug_line    0x0000c2c0      0x980 ./common/ThirdParty/FreeRTOS/list.o
 .debug_line    0x0000cc40     0x18be ./common/ThirdParty/FreeRTOS/queue.o
 .debug_line    0x0000e4fe     0x20a3 ./common/ThirdParty/FreeRTOS/tasks.o
 .debug_line    0x000105a1      0xec7 ./common/ThirdParty/FreeRTOS/timers.o
 .debug_line    0x00011468      0xa9c ./common/ThirdParty/FreeRTOS/portable/GCC/ARM_CM4F/port.o
 .debug_line    0x00011f04      0xc01 ./common/ThirdParty/FreeRTOS/portable/MemMang/heap_4.o
 .debug_line    0x00012b05      0x707 ./common/ThirdParty/SEGGER/Config/SEGGER_SYSVIEW_Config_FreeRTOS.o
 .debug_line    0x0001320c      0x9ec ./common/ThirdParty/SEGGER/OS/SEGGER_SYSVIEW_FreeRTOS.o
 .debug_line    0x00013bf8      0xf60 ./common/ThirdParty/SEGGER/SEGGER/SEGGER_RTT.o
 .debug_line    0x00014b58       0x86 ./common/ThirdParty/SEGGER/SEGGER/SEGGER_RTT_ASM_ARMv7M.o
 .debug_line    0x00014bde     0x2035 ./common/ThirdParty/SEGGER/SEGGER/SEGGER_SYSVIEW.o

.debug_str      0x00000000    0xdb058
 .debug_str     0x00000000    0xd1cfd ./Core/Src/main.o
                              0xd2108 (size before relaxing)
 .debug_str     0x000d1cfd       0x40 ./Core/Src/stm32f4xx_hal_msp.o
                              0xcc257 (size before relaxing)
 .debug_str     0x000d1d3d      0x6b5 ./Core/Src/stm32f4xx_hal_timebase_tim.o
                              0xc59c7 (size before relaxing)
 .debug_str     0x000d23f2       0xb9 ./Core/Src/stm32f4xx_it.o
                              0xc550b (size before relaxing)
 .debug_str     0x000d24ab       0xdb ./Core/Src/system_stm32f4xx.o
                              0xc4e1e (size before relaxing)
 .debug_str     0x000d2586       0x44 ./Core/Startup/startup_stm32f413zhtx.o
                                 0x86 (size before relaxing)
 .debug_str     0x000d25ca      0x5d3 ./Drivers/STM32F4xx_HAL_Driver/Src/stm32f4xx_hal.o
                              0xc5a54 (size before relaxing)
 .debug_str     0x000d2b9d      0x37f ./Drivers/STM32F4xx_HAL_Driver/Src/stm32f4xx_hal_cortex.o
                              0xc57ac (size before relaxing)
 .debug_str     0x000d2f1c      0x116 ./Drivers/STM32F4xx_HAL_Driver/Src/stm32f4xx_hal_gpio.o
                              0xc4fa8 (size before relaxing)
 .debug_str     0x000d3032      0x1fd ./Drivers/STM32F4xx_HAL_Driver/Src/stm32f4xx_hal_rcc.o
                              0xc5257 (size before relaxing)
 .debug_str     0x000d322f      0x2ba ./Drivers/STM32F4xx_HAL_Driver/Src/stm32f4xx_hal_rcc_ex.o
                              0xc51dc (size before relaxing)
 .debug_str     0x000d34e9      0xe79 ./Drivers/STM32F4xx_HAL_Driver/Src/stm32f4xx_hal_tim.o
                              0xc6184 (size before relaxing)
 .debug_str     0x000d4362      0x511 ./Drivers/STM32F4xx_HAL_Driver/Src/stm32f4xx_hal_tim_ex.o
                              0xc5ac5 (size before relaxing)
 .debug_str     0x000d4873      0x297 ./common/ThirdParty/FreeRTOS/list.o
                               0xf0bd (size before relaxing)
 .debug_str     0x000d4b0a     0x14d9 ./common/ThirdParty/FreeRTOS/queue.o
                              0x1183e (size before relaxing)
 .debug_str     0x000d5fe3     0x1b6a ./common/ThirdParty/FreeRTOS/tasks.o
                              0x1235b (size before relaxing)
 .debug_str     0x000d7b4d      0x576 ./common/ThirdParty/FreeRTOS/timers.o
                              0x1193c (size before relaxing)
 .debug_str     0x000d80c3      0x86b ./common/ThirdParty/FreeRTOS/portable/GCC/ARM_CM4F/port.o
                               0xd97b (size before relaxing)
 .debug_str     0x000d892e      0x609 ./common/ThirdParty/FreeRTOS/portable/MemMang/heap_4.o
                              0x108e7 (size before relaxing)
 .debug_str     0x000d8f37      0x1f5 ./common/ThirdParty/SEGGER/Config/SEGGER_SYSVIEW_Config_FreeRTOS.o
                               0xb436 (size before relaxing)
 .debug_str     0x000d912c      0x128 ./common/ThirdParty/SEGGER/OS/SEGGER_SYSVIEW_FreeRTOS.o
                              0x10312 (size before relaxing)
 .debug_str     0x000d9254     0x1080 ./common/ThirdParty/SEGGER/SEGGER/SEGGER_RTT.o
                               0x7c41 (size before relaxing)
 .debug_str     0x000da2d4       0x66 ./common/ThirdParty/SEGGER/SEGGER/SEGGER_RTT_ASM_ARMv7M.o
                                 0xb6 (size before relaxing)
 .debug_str     0x000da33a      0xd1e ./common/ThirdParty/SEGGER/SEGGER/SEGGER_SYSVIEW.o
                               0x9c61 (size before relaxing)

.comment        0x00000000       0x43
 .comment       0x00000000       0x43 ./Core/Src/main.o
                                 0x44 (size before relaxing)
 .comment       0x00000043       0x44 ./Core/Src/stm32f4xx_hal_msp.o
 .comment       0x00000043       0x44 ./Core/Src/stm32f4xx_hal_timebase_tim.o
 .comment       0x00000043       0x44 ./Core/Src/stm32f4xx_it.o
 .comment       0x00000043       0x44 ./Core/Src/system_stm32f4xx.o
 .comment       0x00000043       0x44 ./Drivers/STM32F4xx_HAL_Driver/Src/stm32f4xx_hal.o
 .comment       0x00000043       0x44 ./Drivers/STM32F4xx_HAL_Driver/Src/stm32f4xx_hal_cortex.o
 .comment       0x00000043       0x44 ./Drivers/STM32F4xx_HAL_Driver/Src/stm32f4xx_hal_gpio.o
 .comment       0x00000043       0x44 ./Drivers/STM32F4xx_HAL_Driver/Src/stm32f4xx_hal_rcc.o
 .comment       0x00000043       0x44 ./Drivers/STM32F4xx_HAL_Driver/Src/stm32f4xx_hal_rcc_ex.o
 .comment       0x00000043       0x44 ./Drivers/STM32F4xx_HAL_Driver/Src/stm32f4xx_hal_tim.o
 .comment       0x00000043       0x44 ./Drivers/STM32F4xx_HAL_Driver/Src/stm32f4xx_hal_tim_ex.o
 .comment       0x00000043       0x44 ./common/ThirdParty/FreeRTOS/list.o
 .comment       0x00000043       0x44 ./common/ThirdParty/FreeRTOS/queue.o
 .comment       0x00000043       0x44 ./common/ThirdParty/FreeRTOS/tasks.o
 .comment       0x00000043       0x44 ./common/ThirdParty/FreeRTOS/timers.o
 .comment       0x00000043       0x44 ./common/ThirdParty/FreeRTOS/portable/GCC/ARM_CM4F/port.o
 .comment       0x00000043       0x44 ./common/ThirdParty/FreeRTOS/portable/MemMang/heap_4.o
 .comment       0x00000043       0x44 ./common/ThirdParty/SEGGER/Config/SEGGER_SYSVIEW_Config_FreeRTOS.o
 .comment       0x00000043       0x44 ./common/ThirdParty/SEGGER/OS/SEGGER_SYSVIEW_FreeRTOS.o
 .comment       0x00000043       0x44 ./common/ThirdParty/SEGGER/SEGGER/SEGGER_RTT.o
 .comment       0x00000043       0x44 ./common/ThirdParty/SEGGER/SEGGER/SEGGER_SYSVIEW.o

.debug_frame    0x00000000     0x5160
 .debug_frame   0x00000000      0x134 ./Core/Src/main.o
 .debug_frame   0x00000134       0x34 ./Core/Src/stm32f4xx_hal_msp.o
 .debug_frame   0x00000168       0x74 ./Core/Src/stm32f4xx_hal_timebase_tim.o
 .debug_frame   0x000001dc       0xc4 ./Core/Src/stm32f4xx_it.o
 .debug_frame   0x000002a0       0x58 ./Core/Src/system_stm32f4xx.o
 .debug_frame   0x000002f8      0x374 ./Drivers/STM32F4xx_HAL_Driver/Src/stm32f4xx_hal.o
 .debug_frame   0x0000066c      0x508 ./Drivers/STM32F4xx_HAL_Driver/Src/stm32f4xx_hal_cortex.o
 .debug_frame   0x00000b74      0x14c ./Drivers/STM32F4xx_HAL_Driver/Src/stm32f4xx_hal_gpio.o
 .debug_frame   0x00000cc0      0x1f4 ./Drivers/STM32F4xx_HAL_Driver/Src/stm32f4xx_hal_rcc.o
 .debug_frame   0x00000eb4      0x16c ./Drivers/STM32F4xx_HAL_Driver/Src/stm32f4xx_hal_rcc_ex.o
 .debug_frame   0x00001020     0x11c0 ./Drivers/STM32F4xx_HAL_Driver/Src/stm32f4xx_hal_tim.o
 .debug_frame   0x000021e0      0x638 ./Drivers/STM32F4xx_HAL_Driver/Src/stm32f4xx_hal_tim_ex.o
 .debug_frame   0x00002818       0xd8 ./common/ThirdParty/FreeRTOS/list.o
 .debug_frame   0x000028f0      0x544 ./common/ThirdParty/FreeRTOS/queue.o
 .debug_frame   0x00002e34      0x908 ./common/ThirdParty/FreeRTOS/tasks.o
 .debug_frame   0x0000373c      0x3c8 ./common/ThirdParty/FreeRTOS/timers.o
 .debug_frame   0x00003b04      0x1d0 ./common/ThirdParty/FreeRTOS/portable/GCC/ARM_CM4F/port.o
 .debug_frame   0x00003cd4      0x150 ./common/ThirdParty/FreeRTOS/portable/MemMang/heap_4.o
 .debug_frame   0x00003e24       0x48 ./common/ThirdParty/SEGGER/Config/SEGGER_SYSVIEW_Config_FreeRTOS.o
 .debug_frame   0x00003e6c      0x104 ./common/ThirdParty/SEGGER/OS/SEGGER_SYSVIEW_FreeRTOS.o
 .debug_frame   0x00003f70      0x530 ./common/ThirdParty/SEGGER/SEGGER/SEGGER_RTT.o
 .debug_frame   0x000044a0      0xbc4 ./common/ThirdParty/SEGGER/SEGGER/SEGGER_SYSVIEW.o
 .debug_frame   0x00005064       0x28 C:/ST/STM32CubeIDE_1.16.0/STM32CubeIDE/plugins/com.st.stm32cube.ide.mcu.externaltools.gnu-tools-for-stm32.12.3.rel1.win32_1.0.200.202406191623/tools/bin/../lib/gcc/arm-none-eabi/12.3.1/../../../../arm-none-eabi/lib/thumb/v7e-m+fp/hard\libc_nano.a(libc_a-memcmp.o)
 .debug_frame   0x0000508c       0x20 C:/ST/STM32CubeIDE_1.16.0/STM32CubeIDE/plugins/com.st.stm32cube.ide.mcu.externaltools.gnu-tools-for-stm32.12.3.rel1.win32_1.0.200.202406191623/tools/bin/../lib/gcc/arm-none-eabi/12.3.1/../../../../arm-none-eabi/lib/thumb/v7e-m+fp/hard\libc_nano.a(libc_a-memset.o)
 .debug_frame   0x000050ac       0x2c C:/ST/STM32CubeIDE_1.16.0/STM32CubeIDE/plugins/com.st.stm32cube.ide.mcu.externaltools.gnu-tools-for-stm32.12.3.rel1.win32_1.0.200.202406191623/tools/bin/../lib/gcc/arm-none-eabi/12.3.1/../../../../arm-none-eabi/lib/thumb/v7e-m+fp/hard\libc_nano.a(libc_a-init.o)
 .debug_frame   0x000050d8       0x28 C:/ST/STM32CubeIDE_1.16.0/STM32CubeIDE/plugins/com.st.stm32cube.ide.mcu.externaltools.gnu-tools-for-stm32.12.3.rel1.win32_1.0.200.202406191623/tools/bin/../lib/gcc/arm-none-eabi/12.3.1/../../../../arm-none-eabi/lib/thumb/v7e-m+fp/hard\libc_nano.a(libc_a-memcpy-stub.o)
 .debug_frame   0x00005100       0x2c C:/ST/STM32CubeIDE_1.16.0/STM32CubeIDE/plugins/com.st.stm32cube.ide.mcu.externaltools.gnu-tools-for-stm32.12.3.rel1.win32_1.0.200.202406191623/tools/bin/../lib/gcc/arm-none-eabi/12.3.1/thumb/v7e-m+fp/hard\libgcc.a(_aeabi_uldivmod.o)
 .debug_frame   0x0000512c       0x34 C:/ST/STM32CubeIDE_1.16.0/STM32CubeIDE/plugins/com.st.stm32cube.ide.mcu.externaltools.gnu-tools-for-stm32.12.3.rel1.win32_1.0.200.202406191623/tools/bin/../lib/gcc/arm-none-eabi/12.3.1/thumb/v7e-m+fp/hard\libgcc.a(_udivmoddi4.o)

.debug_line_str
                0x00000000       0xd0
 .debug_line_str
                0x00000000       0x6a ./Core/Startup/startup_stm32f413zhtx.o
 .debug_line_str
                0x0000006a       0x66 ./common/ThirdParty/SEGGER/SEGGER/SEGGER_RTT_ASM_ARMv7M.o
                                 0xa8 (size before relaxing)
