18:11:48 **** Incremental Build of configuration Debug for project 006Keypad ****
make -j8 all 
arm-none-eabi-gcc "../Src/main.c" -mcpu=cortex-m3 -std=gnu11 -g3 -DDEBUG -DSTM32 -DSTM32F2 -DNUCLEO_F207ZG -DSTM32F207ZGTx -c -I../Inc -O0 -ffunction-sections -fdata-sections -Wall -fstack-usage -fcyclomatic-complexity -MMD -MP -MF"Src/main.d" -MT"Src/main.o" --specs=nano.specs -mfloat-abi=soft -mthumb -o "Src/main.o"
arm-none-eabi-gcc -o "006Keypad.elf" @"objects.list"   -mcpu=cortex-m3 -T"C:\Users\rolni\kody\STM32\My_workspace\target\006Keypad\STM32F207ZGTX_FLASH.ld" --specs=nosys.specs -Wl,-Map="006Keypad.map" -Wl,--gc-sections -static --specs=nano.specs -mfloat-abi=soft -mthumb -Wl,--start-group -lc -lm -Wl,--end-group
Finished building target: 006Keypad.elf
 
arm-none-eabi-size  006Keypad.elf 
arm-none-eabi-objdump -h -S 006Keypad.elf  > "006Keypad.list"
   text	   data	    bss	    dec	    hex	filename
   4216	     92	   1900	   6208	   1840	006Keypad.elf
Finished building: default.size.stdout
 
Finished building: 006Keypad.list
 

18:11:49 Build Finished. 0 errors, 0 warnings. (took 517ms)

