15:47:03 **** Incremental Build of configuration Debug for project 401FreeRTOS_first ****
make -j8 all 
arm-none-eabi-gcc "../Core/Src/main.c" -mcpu=cortex-m4 -std=gnu11 -g3 -DDEBUG -DUSE_HAL_DRIVER -DSTM32F413xx -c -I../Core/Inc -I"C:/Users/rolni/kody/STM32/My_workspace/target/401FreeRTOS_first/ThirdParty/SEGGER/Config" -I"C:/Users/rolni/kody/STM32/My_workspace/target/401FreeRTOS_first/ThirdParty/SEGGER/OS" -I"C:/Users/rolni/kody/STM32/My_workspace/target/401FreeRTOS_first/ThirdParty/SEGGER/SEGGER" -I"C:/Users/rolni/kody/STM32/My_workspace/target/401FreeRTOS_first/ThirdParty/FreeRTOS/include" -I"C:/Users/rolni/kody/STM32/My_workspace/target/401FreeRTOS_first/ThirdParty/FreeRTOS/portable/GCC/ARM_CM4F" -I"C:/Users/rolni/kody/STM32/My_workspace/target/401FreeRTOS_first/ThirdParty/FreeRTOS" -I../Drivers/STM32F4xx_HAL_Driver/Inc -I../Drivers/STM32F4xx_HAL_Driver/Inc/Legacy -I../Drivers/CMSIS/Device/ST/STM32F4xx/Include -I../Drivers/CMSIS/Include -O0 -ffunction-sections -fdata-sections -Wall -fstack-usage -fcyclomatic-complexity -MMD -MP -MF"Core/Src/main.d" -MT"Core/Src/main.o" --specs=nano.specs -mfpu=fpv4-sp-d16 -mfloat-abi=hard -mthumb -o "Core/Src/main.o"
arm-none-eabi-gcc -o "401FreeRTOS_first.elf" @"objects.list"   -mcpu=cortex-m4 -T"C:\Users\rolni\kody\STM32\My_workspace\target\401FreeRTOS_first\STM32F413ZHTX_FLASH.ld" --specs=nosys.specs -Wl,-Map="401FreeRTOS_first.map" -Wl,--gc-sections -static --specs=nano.specs -mfpu=fpv4-sp-d16 -mfloat-abi=hard -mthumb -Wl,--start-group -lc -lm -Wl,--end-group
Finished building target: 401FreeRTOS_first.elf
 
arm-none-eabi-size  401FreeRTOS_first.elf 
arm-none-eabi-objdump -h -S 401FreeRTOS_first.elf  > "401FreeRTOS_first.list"
   text	   data	    bss	    dec	    hex	filename
  31140	    100	 315428	 346668	  54a2c	401FreeRTOS_first.elf
Finished building: default.size.stdout
 
Finished building: 401FreeRTOS_first.list
 

15:47:06 Build Finished. 0 errors, 0 warnings. (took 3s.153ms)

