17:30:38 **** Incremental Build of configuration Debug for project 501Mine_first ****
make -j8 all 
arm-none-eabi-gcc "../Core/Src/main.c" -mcpu=cortex-m4 -std=gnu11 -g3 -DDEBUG -DUSE_HAL_DRIVER -DSTM32F413xx -c -I../Core/Inc -I../Drivers/STM32F4xx_HAL_Driver/Inc -I../Drivers/STM32F4xx_HAL_Driver/Inc/Legacy -I../Drivers/CMSIS/Device/ST/STM32F4xx/Include -I../Drivers/CMSIS/Include -O0 -ffunction-sections -fdata-sections -Wall -fstack-usage -fcyclomatic-complexity -MMD -MP -MF"Core/Src/main.d" -MT"Core/Src/main.o" --specs=nano.specs -mfpu=fpv4-sp-d16 -mfloat-abi=hard -mthumb -o "Core/Src/main.o"
arm-none-eabi-gcc -o "501Mine_first.elf" @"objects.list"   -mcpu=cortex-m4 -T"C:\Users\rolni\kody\STM32\My_workspace\target\501Mine_first\STM32F413ZHTX_FLASH.ld" --specs=nosys.specs -Wl,-Map="501Mine_first.map" -Wl,--gc-sections -static --specs=nano.specs -mfpu=fpv4-sp-d16 -mfloat-abi=hard -mthumb -Wl,--start-group -lc -lm -Wl,--end-group
Finished building target: 501Mine_first.elf
 
arm-none-eabi-size  501Mine_first.elf 
arm-none-eabi-objdump -h -S 501Mine_first.elf  > "501Mine_first.list"
   text	   data	    bss	    dec	    hex	filename
   8708	      8	   1664	  10380	   288c	501Mine_first.elf
Finished building: default.size.stdout
 
Finished building: 501Mine_first.list
 

17:30:39 Build Finished. 0 errors, 0 warnings. (took 922ms)

