16:21:21 **** Incremental Build of configuration Debug for project 502Generating_signals ****
make -j8 all 
arm-none-eabi-gcc "../Core/Src/main.c" -mcpu=cortex-m4 -std=gnu11 -g3 -DDEBUG -DUSE_HAL_DRIVER -DSTM32F413xx -c -I../Core/Inc -I../Drivers/STM32F4xx_HAL_Driver/Inc -I../Drivers/STM32F4xx_HAL_Driver/Inc/Legacy -I../Drivers/CMSIS/Device/ST/STM32F4xx/Include -I../Drivers/CMSIS/Include -O0 -ffunction-sections -fdata-sections -Wall -fstack-usage -fcyclomatic-complexity -MMD -MP -MF"Core/Src/main.d" -MT"Core/Src/main.o" --specs=nano.specs -mfpu=fpv4-sp-d16 -mfloat-abi=hard -mthumb -o "Core/Src/main.o"
../Core/Src/main.c: In function 'HAL_TIM_PeriodElapsedCallback':
../Core/Src/main.c:20:9: warning: implicit declaration of function 'printf' [-Wimplicit-function-declaration]
   20 |         printf("%d", values1[index]);
      |         ^~~~~~
../Core/Src/main.c:2:1: note: include '<stdio.h>' or provide a declaration of 'printf'
    1 | #include "main.h"
  +++ |+#include <stdio.h>
    2 | #include "stm32f4xx_hal.h"
../Core/Src/main.c:20:9: warning: incompatible implicit declaration of built-in function 'printf' [-Wbuiltin-declaration-mismatch]
   20 |         printf("%d", values1[index]);
      |         ^~~~~~
../Core/Src/main.c:20:9: note: include '<stdio.h>' or provide a declaration of 'printf'
arm-none-eabi-gcc -o "502Generating_signals.elf" @"objects.list"   -mcpu=cortex-m4 -T"C:\Users\rolni\kody\STM32\My_workspace\target\502Generating_signals\STM32F413ZHTX_FLASH.ld" --specs=nosys.specs -Wl,-Map="502Generating_signals.map" -Wl,--gc-sections -static --specs=nano.specs -mfpu=fpv4-sp-d16 -mfloat-abi=hard -mthumb -Wl,--start-group -lc -lm -Wl,--end-group
Finished building target: 502Generating_signals.elf
 
arm-none-eabi-size  502Generating_signals.elf 
arm-none-eabi-objdump -h -S 502Generating_signals.elf  > "502Generating_signals.list"
   text	   data	    bss	    dec	    hex	filename
   9796	   6284	   1996	  18076	   469c	502Generating_signals.elf
Finished building: default.size.stdout
 
Finished building: 502Generating_signals.list
 

16:21:22 Build Finished. 0 errors, 2 warnings. (took 920ms)

