18:28:55 **** Incremental Build of configuration Debug for project 506Generating_signals2 ****
make -j8 all 
arm-none-eabi-gcc "../Core/Src/main.c" -mcpu=cortex-m4 -std=gnu11 -g3 -DDEBUG -DUSE_HAL_DRIVER -DSTM32F413xx -c -I../Core/Inc -I../Drivers/STM32F4xx_HAL_Driver/Inc -I../Drivers/STM32F4xx_HAL_Driver/Inc/Legacy -I../Drivers/CMSIS/Device/ST/STM32F4xx/Include -I../Drivers/CMSIS/Include -O0 -ffunction-sections -fdata-sections -Wall -fstack-usage -fcyclomatic-complexity -MMD -MP -MF"Core/Src/main.d" -MT"Core/Src/main.o" --specs=nano.specs -mfpu=fpv4-sp-d16 -mfloat-abi=hard -mthumb -o "Core/Src/main.o"
arm-none-eabi-gcc -o "506Generating_signals2.elf" @"objects.list"   -mcpu=cortex-m4 -T"C:\Users\rolni\kody\STM32\My_workspace\target\506Generating_signals2\STM32F413ZHTX_FLASH.ld" --specs=nosys.specs -Wl,-Map="506Generating_signals2.map" -Wl,--gc-sections -static --specs=nano.specs -mfpu=fpv4-sp-d16 -mfloat-abi=hard -mthumb -Wl,--start-group -lc -lm -Wl,--end-group
Finished building target: 506Generating_signals2.elf
 
arm-none-eabi-size  506Generating_signals2.elf 
arm-none-eabi-objdump -h -S 506Generating_signals2.elf  > "506Generating_signals2.list"
   text	   data	    bss	    dec	    hex	filename
  13540	   6288	   2000	  21828	   5544	506Generating_signals2.elf
Finished building: default.size.stdout
 
Finished building: 506Generating_signals2.list
 

18:28:56 Build Finished. 0 errors, 0 warnings. (took 1s.134ms)

